ARM Linker, 4.1 [Build 894] [Evaluation]

==============================================================================

Section Cross References

    startup_stm32f10x_md.o(STACK) refers (Special) to heapauxi.o(.text) for __use_two_region_memory
    startup_stm32f10x_md.o(HEAP) refers (Special) to heapauxi.o(.text) for __use_two_region_memory
    startup_stm32f10x_md.o(RESET) refers (Special) to heapauxi.o(.text) for __use_two_region_memory
    startup_stm32f10x_md.o(RESET) refers to startup_stm32f10x_md.o(STACK) for __initial_sp
    startup_stm32f10x_md.o(RESET) refers to startup_stm32f10x_md.o(.text) for Reset_Handler
    startup_stm32f10x_md.o(RESET) refers to stm32f10x_it.o(.text) for NMI_Handler
    startup_stm32f10x_md.o(.text) refers (Special) to heapauxi.o(.text) for __use_two_region_memory
    startup_stm32f10x_md.o(.text) refers to system_stm32f10x.o(.text) for SystemInit
    startup_stm32f10x_md.o(.text) refers to __main.o(!!!main) for __main
    startup_stm32f10x_md.o(.text) refers to startup_stm32f10x_md.o(HEAP) for Heap_Mem
    startup_stm32f10x_md.o(.text) refers to startup_stm32f10x_md.o(STACK) for Stack_Mem
    system_stm32f10x.o(.text) refers to system_stm32f10x.o(.data) for SystemCoreClock
    stm32f10x_adc.o(.text) refers to stm32f10x_rcc.o(.text) for RCC_APB2PeriphResetCmd
    stm32f10x_bkp.o(.text) refers to stm32f10x_rcc.o(.text) for RCC_BackupResetCmd
    stm32f10x_can.o(.text) refers to stm32f10x_rcc.o(.text) for RCC_APB1PeriphResetCmd
    stm32f10x_cec.o(.text) refers to stm32f10x_rcc.o(.text) for RCC_APB1PeriphResetCmd
    stm32f10x_dac.o(.text) refers to stm32f10x_rcc.o(.text) for RCC_APB1PeriphResetCmd
    stm32f10x_gpio.o(.text) refers to stm32f10x_rcc.o(.text) for RCC_APB2PeriphResetCmd
    stm32f10x_i2c.o(.text) refers to stm32f10x_rcc.o(.text) for RCC_APB1PeriphResetCmd
    stm32f10x_pwr.o(.text) refers to stm32f10x_rcc.o(.text) for RCC_APB1PeriphResetCmd
    stm32f10x_rcc.o(.text) refers to stm32f10x_rcc.o(.data) for APBAHBPrescTable
    stm32f10x_spi.o(.text) refers to stm32f10x_rcc.o(.text) for RCC_APB2PeriphResetCmd
    stm32f10x_tim.o(.text) refers to stm32f10x_rcc.o(.text) for RCC_APB2PeriphResetCmd
    stm32f10x_usart.o(.text) refers to stm32f10x_rcc.o(.text) for RCC_APB2PeriphResetCmd
    stm32f10x_wwdg.o(.text) refers to stm32f10x_rcc.o(.text) for RCC_APB1PeriphResetCmd
    main.o(.text) refers to system_stm32f10x.o(.text) for SystemInit
    main.o(.text) refers to usart.o(.text) for USART1_Config
    main.o(.text) refers to led.o(.text) for LED_GPIO_Config
    main.o(.text) refers to esp_connect.o(.text) for esp_init
    main.o(.text) refers to stm32f10x_gpio.o(.text) for GPIO_SetBits
    main.o(.text) refers to rt_memclr.o(.text) for __aeabi_memclr
    main.o(.text) refers to adc.o(.text) for ADC1_Init
    main.o(.text) refers to stm32f10x_dma.o(.text) for DMA_ITConfig
    main.o(.text) refers to var.o(.bss) for data_buf
    main.o(.text) refers to var.o(.data) for data_count
    stm32f10x_it.o(.text) refers to usart.o(.text) for My_Usart_ReadLine
    stm32f10x_it.o(.text) refers to strcmpv7m.o(.text) for strcmp
    stm32f10x_it.o(.text) refers to stm32f10x_dma.o(.text) for DMA_GetITStatus
    stm32f10x_it.o(.text) refers to main.o(.text) for itoa
    stm32f10x_it.o(.text) refers to var.o(.text) for mystrcat
    stm32f10x_it.o(.text) refers to var.o(.data) for error_flag
    stm32f10x_it.o(.text) refers to var.o(.bss) for int_bu
    stm32f10x_it.o(.text) refers to adc.o(.data) for adc_data
    led.o(.text) refers to stm32f10x_rcc.o(.text) for RCC_APB2PeriphClockCmd
    led.o(.text) refers to stm32f10x_gpio.o(.text) for GPIO_Init
    usart.o(.text) refers to _printf_percent.o(.ARM.Collect$$_printf_percent$$00000000) for _printf_percent
    usart.o(.text) refers to _printf_c.o(.ARM.Collect$$_printf_percent$$00000013) for _printf_c
    usart.o(.text) refers to _printf_s.o(.ARM.Collect$$_printf_percent$$00000014) for _printf_s
    usart.o(.text) refers to _printf_str.o(.text) for _printf_str
    usart.o(.text) refers to stm32f10x_rcc.o(.text) for RCC_APB2PeriphClockCmd
    usart.o(.text) refers to stm32f10x_gpio.o(.text) for GPIO_Init
    usart.o(.text) refers to stm32f10x_usart.o(.text) for USART_Init
    usart.o(.text) refers to noretval__2sprintf.o(.text) for __2sprintf
    usart.o(.text) refers to rt_memclr_w.o(.text) for __aeabi_memclr4
    usart.o(.text) refers to strlen.o(.text) for strlen
    usart.o(.text) refers to rt_memcpy_v6.o(.text) for __aeabi_memcpy
    usart.o(.text) refers to rt_memclr.o(.text) for __aeabi_memclr
    usart.o(.text) refers to var.o(.data) for usart_char
    usart.o(.text) refers to var.o(.bss) for buff
    esp_connect.o(.text) refers to stm32f10x_gpio.o(.text) for GPIO_SetBits
    esp_connect.o(.text) refers to usart.o(.text) for USART_printf
    esp_connect.o(.text) refers to main.o(.text) for Delay
    esp_connect.o(.text) refers to strlen.o(.text) for strlen
[...]
    exit.o(.text) refers to rtexit.o(.ARM.Collect$$rtexit$$00000000) for __rt_exit
    libinit.o(.ARM.Collect$$libinit$$00000000) refers (Special) to libinit2.o(.ARM.Collect$$libinit$$0000002A) for __rt_lib_init_alloca_1
    libinit.o(.ARM.Collect$$libinit$$00000000) refers (Special) to libinit2.o(.ARM.Collect$$libinit$$00000028) for __rt_lib_init_argv_1
    libinit.o(.ARM.Collect$$libinit$$00000000) refers (Special) to libinit2.o(.ARM.Collect$$libinit$$00000017) for __rt_lib_init_atexit_1
    libinit.o(.ARM.Collect$$libinit$$00000000) refers (Special) to libinit2.o(.ARM.Collect$$libinit$$0000001D) for __rt_lib_init_clock_1
    libinit.o(.ARM.Collect$$libinit$$00000000) refers (Special) to libinit2.o(.ARM.Collect$$libinit$$0000002E) for __rt_lib_init_cpp_1
    libinit.o(.ARM.Collect$$libinit$$00000000) refers (Special) to libinit2.o(.ARM.Collect$$libinit$$0000002C) for __rt_lib_init_exceptions_1
    libinit.o(.ARM.Collect$$libinit$$00000000) refers (Special) to libinit2.o(.ARM.Collect$$libinit$$0000001B) for __rt_lib_init_fp_trap_1
    libinit.o(.ARM.Collect$$libinit$$00000000) refers (Special) to libinit2.o(.ARM.Collect$$libinit$$0000001F) for __rt_lib_init_getenv_1
    libinit.o(.ARM.Collect$$libinit$$00000000) refers (Special) to libinit2.o(.ARM.Collect$$libinit$$00000006) for __rt_lib_init_heap_1
    libinit.o(.ARM.Collect$$libinit$$00000000) refers (Special) to libinit2.o(.ARM.Collect$$libinit$$0000000D) for __rt_lib_init_lc_collate_1
    libinit.o(.ARM.Collect$$libinit$$00000000) refers (Special) to libinit2.o(.ARM.Collect$$libinit$$0000000F) for __rt_lib_init_lc_ctype_1
    libinit.o(.ARM.Collect$$libinit$$00000000) refers (Special) to libinit2.o(.ARM.Collect$$libinit$$00000011) for __rt_lib_init_lc_monetary_1
    libinit.o(.ARM.Collect$$libinit$$00000000) refers (Special) to libinit2.o(.ARM.Collect$$libinit$$00000013) for __rt_lib_init_lc_numeric_1
    libinit.o(.ARM.Collect$$libinit$$00000000) refers (Special) to libinit2.o(.ARM.Collect$$libinit$$00000015) for __rt_lib_init_lc_time_1
    libinit.o(.ARM.Collect$$libinit$$00000000) refers (Special) to libinit2.o(.ARM.Collect$$libinit$$0000000A) for __rt_lib_init_rand_1
    libinit.o(.ARM.Collect$$libinit$$00000000) refers (Special) to libinit2.o(.ARM.Collect$$libinit$$0000002F) for __rt_lib_init_return
    libinit.o(.ARM.Collect$$libinit$$00000000) refers (Special) to libinit2.o(.ARM.Collect$$libinit$$00000019) for __rt_lib_init_signal_1
    libinit.o(.ARM.Collect$$libinit$$00000000) refers (Special) to libinit2.o(.ARM.Collect$$libinit$$00000021) for __rt_lib_init_stdio_1
    libinit.o(.ARM.Collect$$libinit$$00000000) refers (Special) to libinit2.o(.ARM.Collect$$libinit$$00000008) for __rt_lib_init_user_alloc_1
    libinit.o(.ARM.Collect$$libinit$$00000000) refers to fpinit.o(x$fpl$fpinit) for _fp_init
    libspace.o(.text) refers to libspace.o(.bss) for __libspace_start
    rtexit.o(.ARM.Collect$$rtexit$$00000000) refers (Special) to rtexit2.o(.ARM.Collect$$rtexit$$00000004) for __rt_exit_exit
    rtexit.o(.ARM.Collect$$rtexit$$00000000) refers (Special) to rtexit2.o(.ARM.Collect$$rtexit$$00000003) for __rt_exit_ls
    rtexit.o(.ARM.Collect$$rtexit$$00000000) refers (Special) to rtexit2.o(.ARM.Collect$$rtexit$$00000002) for __rt_exit_prels_1
    rtexit.o(.ARM.exidx) refers (Special) to rtexit2.o(.ARM.Collect$$rtexit$$00000004) for __rt_exit_exit
    rtexit.o(.ARM.exidx) refers (Special) to rtexit2.o(.ARM.Collect$$rtexit$$00000003) for __rt_exit_ls
    rtexit.o(.ARM.exidx) refers (Special) to rtexit2.o(.ARM.Collect$$rtexit$$00000002) for __rt_exit_prels_1
    rtexit.o(.ARM.exidx) refers to rtexit.o(.ARM.Collect$$rtexit$$00000000) for .ARM.Collect$$rtexit$$00000000
    libinit2.o(.ARM.Collect$$libinit$$0000000C) refers to libinit2.o(.ARM.Collect$$libinit$$0000000B) for .ARM.Collect$$libinit$$0000000B
    libinit2.o(.ARM.Collect$$libinit$$0000000E) refers to libinit2.o(.ARM.Collect$$libinit$$0000000B) for .ARM.Collect$$libinit$$0000000B
    libinit2.o(.ARM.Collect$$libinit$$00000010) refers to libinit2.o(.ARM.Collect$$libinit$$0000000B) for .ARM.Collect$$libinit$$0000000B
    libinit2.o(.ARM.Collect$$libinit$$00000012) refers to libinit2.o(.ARM.Collect$$libinit$$0000000B) for .ARM.Collect$$libinit$$0000000B
    libinit2.o(.ARM.Collect$$libinit$$00000014) refers to libinit2.o(.ARM.Collect$$libinit$$0000000B) for .ARM.Collect$$libinit$$0000000B
    libinit2.o(.ARM.Collect$$libinit$$00000022) refers to argv_veneer.o(.emb_text) for __ARM_argv_veneer
    libinit2.o(.ARM.Collect$$libinit$$00000023) refers to argv_veneer.o(.emb_text) for __ARM_argv_veneer
    fpinit.o(x$fpl$fpinit) refers to rt_fp_status_addr_intlibspace.o(.text) for __rt_fp_status_addr
    rtexit2.o(.ARM.Collect$$rtexit$$00000003) refers to libshutdown.o(.ARM.Collect$$libshutdown$$00000000) for __rt_lib_shutdown
    rtexit2.o(.ARM.Collect$$rtexit$$00000004) refers to sys_exit.o(.text) for _sys_exit
    rtexit2.o(.ARM.exidx) refers to rtexit2.o(.ARM.Collect$$rtexit$$00000001) for .ARM.Collect$$rtexit$$00000001
    rtexit2.o(.ARM.exidx) refers to rtexit2.o(.ARM.Collect$$rtexit$$00000003) for .ARM.Collect$$rtexit$$00000003
    rtexit2.o(.ARM.exidx) refers to rtexit2.o(.ARM.Collect$$rtexit$$00000004) for .ARM.Collect$$rtexit$$00000004
    rt_fp_status_addr.o(.text) refers to rt_fp_status_addr.o(.bss) for __rt_fp_status_addr_data
    rt_fp_status_addr_intlibspace.o(.text) refers to libspace.o(.bss) for __libspace_start
    argv_veneer.o(.emb_text) refers to no_argv.o(.text) for __ARM_get_argv
    sys_exit.o(.text) refers (Special) to use_no_semi.o(.text) for __I$use$semihosting
    sys_exit.o(.text) refers (Special) to indicate_semi.o(.text) for __semihosting_library_function
    _get_argv_nomalloc.o(.text) refers (Special) to hrguard.o(.text) for __heap_region$guard
    _get_argv_nomalloc.o(.text) refers to defsig_rtmem_outer.o(.text) for __rt_SIGRTMEM
    _get_argv_nomalloc.o(.text) refers to sys_command.o(.text) for _sys_command_string
    libshutdown.o(.ARM.Collect$$libshutdown$$00000000) refers (Special) to libshutdown2.o(.ARM.Collect$$libshutdown$$00000006) for __rt_lib_shutdown_fp_trap_1
    libshutdown.o(.ARM.Collect$$libshutdown$$00000000) refers (Special) to libshutdown2.o(.ARM.Collect$$libshutdown$$0000000E) for __rt_lib_shutdown_heap_1
    libshutdown.o(.ARM.Collect$$libshutdown$$00000000) refers (Special) to libshutdown2.o(.ARM.Collect$$libshutdown$$0000000F) for __rt_lib_shutdown_return
    libshutdown.o(.ARM.Collect$$libshutdown$$00000000) refers (Special) to libshutdown2.o(.ARM.Collect$$libshutdown$$00000009) for __rt_lib_shutdown_signal_1
    libshutdown.o(.ARM.Collect$$libshutdown$$00000000) refers (Special) to libshutdown2.o(.ARM.Collect$$libshutdown$$00000003) for __rt_lib_shutdown_stdio_1
    libshutdown.o(.ARM.Collect$$libshutdown$$00000000) refers (Special) to libshutdown2.o(.ARM.Collect$$libshutdown$$0000000B) for __rt_lib_shutdown_user_alloc_1
    sys_command.o(.text) refers (Special) to use_no_semi.o(.text) for __I$use$semihosting
    sys_command.o(.text) refers (Special) to indicate_semi.o(.text) for __semihosting_library_function
    defsig_rtmem_outer.o(.text) refers to defsig_rtmem_inner.o(.text) for __rt_SIGRTMEM_inner
    defsig_rtmem_outer.o(.text) refers to defsig_exit.o(.text) for __sig_exit
    defsig_rtmem_formal.o(.text) refers to rt_raise.o(.text) for __rt_raise
    rt_raise.o(.text) refers to __raise.o(.text) for __raise
    rt_raise.o(.text) refers to sys_exit.o(.text) for _sys_exit
    defsig_exit.o(.text) refers to sys_exit.o(.text) for _sys_exit
    defsig_rtmem_inner.o(.text) refers to defsig_general.o(.text) for __default_signal_display
    __raise.o(.text) refers to defsig.o(CL$$defsig) for __default_signal_handler
    defsig_general.o(.text) refers to sys_wrch.o(.text) for _ttywrch
    sys_wrch.o(.text) refers (Special) to use_no_semi.o(.text) for __I$use$semihosting
    sys_wrch.o(.text) refers (Special) to indicate_semi.o(.text) for __semihosting_library_function
    defsig.o(CL$$defsig) refers to defsig_rtmem_inner.o(.text) for __rt_SIGRTMEM_inner
    defsig_abrt_inner.o(.text) refers to defsig_general.o(.text) for __default_signal_display
    defsig_fpe_inner.o(.text) refers to defsig_general.o(.text) for __default_signal_display
    defsig_rtred_inner.o(.text) refers to defsig_general.o(.text) for __default_signal_display
    defsig_stak_inner.o(.text) refers to defsig_general.o(.text) for __default_signal_display
    defsig_pvfn_inner.o(.text) refers to defsig_general.o(.text) for __default_signal_display
    defsig_cppl_inner.o(.text) refers to defsig_general.o(.text) for __default_signal_display
    defsig_segv_inner.o(.text) refers to defsig_general.o(.text) for __default_signal_display
    defsig_other.o(.text) refers to defsig_general.o(.text) for __default_signal_display


==============================================================================

Removing Unused input sections from the image.

    Removing core_cm3.o(.emb_text), (32 bytes).
    Removing stm32f10x_bkp.o(.text), (172 bytes).
    Removing stm32f10x_can.o(.text), (2548 bytes).
    Removing stm32f10x_cec.o(.text), (288 bytes).
    Removing stm32f10x_crc.o(.text), (72 bytes).
    Removing stm32f10x_dac.o(.text), (360 bytes).
    Removing stm32f10x_dbgmcu.o(.text), (48 bytes).
    Removing stm32f10x_exti.o(.text), (284 bytes).
    Removing stm32f10x_flash.o(.text), (1464 bytes).
    Removing stm32f10x_fsmc.o(.text), (1560 bytes).
    Removing stm32f10x_i2c.o(.text), (1008 bytes).
    Removing stm32f10x_iwdg.o(.text), (64 bytes).
    Removing stm32f10x_pwr.o(.text), (204 bytes).
    Removing stm32f10x_rtc.o(.text), (336 bytes).
    Removing stm32f10x_sdio.o(.text), (464 bytes).
    Removing stm32f10x_spi.o(.text), (784 bytes).
    Removing stm32f10x_wwdg.o(.text), (124 bytes).

17 unused section(s) (total 9812 bytes) removed from the image.

==============================================================================

Image Symbol Table

    Local Symbols

    Symbol Name                              Value     Ov Type        Size  Object(Section)

    ../../angel/boardlib.s                   0x00000000   Number         0  boardinit2.o ABSOLUTE
    ../../angel/boardlib.s                   0x00000000   Number         0  boardinit1.o ABSOLUTE
    ../../angel/boardlib.s                   0x00000000   Number         0  boardshut.o ABSOLUTE
    ../../angel/boardlib.s                   0x00000000   Number         0  boardinit3.o ABSOLUTE
    ../../angel/handlers.s                   0x00000000   Number         0  __scatter_zi.o ABSOLUTE
    ../../angel/handlers.s                   0x00000000   Number         0  __scatter_copy.o ABSOLUTE
    ../../angel/kernel.s                     0x00000000   Number         0  rtentry2.o ABSOLUTE
    ../../angel/kernel.s                     0x00000000   Number         0  rtentry4.o ABSOLUTE
    ../../angel/kernel.s                     0x00000000   Number         0  rtexit.o ABSOLUTE
    ../../angel/kernel.s                     0x00000000   Number         0  rtexit2.o ABSOLUTE
    ../../angel/kernel.s                     0x00000000   Number         0  rtentry.o ABSOLUTE
    ../../angel/rt.s                         0x00000000   Number         0  rt_fp_status_addr.o ABSOLUTE
    ../../angel/rt.s                         0x00000000   Number         0  rt_raise.o ABSOLUTE
    ../../angel/rt.s                         0x00000000   Number         0  rt_fp_status_addr_intlibspace.o ABSOLUTE
    ../../angel/scatter.s                    0x00000000   Number         0  __scatter.o ABSOLUTE
    ../../angel/startup.s                    0x00000000   Number         0  __main.o ABSOLUTE
    ../../angel/sys.s                        0x00000000   Number         0  sys_stackheap_outer.o ABSOLUTE
    ../../angel/sys.s                        0x00000000   Number         0  indicate_semi.o ABSOLUTE
    ../../angel/sys.s                        0x00000000   Number         0  libspace.o ABSOLUTE
    ../../angel/sys.s                        0x00000000   Number         0  use_no_semi.o ABSOLUTE
    ../../angel/sysapp.c                     0x00000000   Number         0  sys_wrch.o ABSOLUTE
    ../../angel/sysapp.c                     0x00000000   Number         0  sys_exit.o ABSOLUTE
    ../../angel/sysapp.c                     0x00000000   Number         0  sys_command.o ABSOLUTE
    ../../armsys.c                           0x00000000   Number         0  no_argv.o ABSOLUTE
    ../../armsys.c                           0x00000000   Number         0  _get_argv_nomalloc.o ABSOLUTE
    ../../armsys.c                           0x00000000   Number         0  argv_veneer.o ABSOLUTE
    ../../armsys.c                           0x00000000   Number         0  argv_veneer.o ABSOLUTE
    ../../fpinit.s                           0x00000000   Number         0  fpinit.o ABSOLUTE
    ../../heapalloc.c                        0x00000000   Number         0  hrguard.o ABSOLUTE
    ../../heapaux.c                          0x00000000   Number         0  heapauxi.o ABSOLUTE
    ../../libinit.s                          0x00000000   Number         0  libshutdown2.o ABSOLUTE
    ../../libinit.s                          0x00000000   Number         0  libinit.o ABSOLUTE
    ../../libinit.s                          0x00000000   Number         0  libshutdown.o ABSOLUTE
    ../../libinit.s                          0x00000000   Number         0  libinit2.o ABSOLUTE
    ../../memcpset.s                         0x00000000   Number         0  rt_memclr_w.o ABSOLUTE
    ../../memcpset.s                         0x00000000   Number         0  rt_memcpy_w.o ABSOLUTE
    ../../memcpset.s                         0x00000000   Number         0  strcmpv7m.o ABSOLUTE
    ../../memcpset.s                         0x00000000   Number         0  rt_memcpy_v6.o ABSOLUTE
    ../../memcpset.s                         0x00000000   Number         0  rt_memclr.o ABSOLUTE
    ../../printf.c                           0x00000000   Number         0  __2sprintf.o ABSOLUTE
    ../../printf.c                           0x00000000   Number         0  noretval__2sprintf.o ABSOLUTE
    ../../printf.c                           0x00000000   Number         0  _printf_char_common.o ABSOLUTE
    ../../printf.c                           0x00000000   Number         0  __printf.o ABSOLUTE
    ../../printf.c                           0x00000000   Number         0  __printf_flags.o ABSOLUTE
    ../../printf.c                           0x00000000   Number         0  _printf_str.o ABSOLUTE
    ../../printf.c                           0x00000000   Number         0  _sputc.o ABSOLUTE
    ../../printf.c                           0x00000000   Number         0  _printf_char.o ABSOLUTE
    ../../printf.c                           0x00000000   Number         0  __printf_flags_ss.o ABSOLUTE
    ../../printf.c                           0x00000000   Number         0  __printf_wp.o ABSOLUTE
    ../../printf.c                           0x00000000   Number         0  __printf_flags_wp.o ABSOLUTE
    ../../printf.c                           0x00000000   Number         0  __printf_ss_wp.o ABSOLUTE
    ../../printf.c                           0x00000000   Number         0  __printf_ss.o ABSOLUTE
    ../../printf.c                           0x00000000   Number         0  __printf_nopercent.o ABSOLUTE
    ../../printf.c                           0x00000000   Number         0  __printf_flags_ss_wp.o ABSOLUTE
    ../../printf_percent.s                   0x00000000   Number         0  _printf_c.o ABSOLUTE
    ../../printf_percent.s                   0x00000000   Number         0  _printf_s.o ABSOLUTE
    ../../printf_percent.s                   0x00000000   Number         0  _printf_percent.o ABSOLUTE
    ../../printf_percent.s                   0x00000000   Number         0  _printf_percent_end.o ABSOLUTE
    ../../signal.c                           0x00000000   Number         0  defsig_stak_inner.o ABSOLUTE
    ../../signal.c                           0x00000000   Number         0  defsig_rtred_inner.o ABSOLUTE
    ../../signal.c                           0x00000000   Number         0  defsig_abrt_inner.o ABSOLUTE
    ../../signal.c                           0x00000000   Number         0  defsig_general.o ABSOLUTE
    ../../signal.c                           0x00000000   Number         0  __raise.o ABSOLUTE
    ../../signal.c                           0x00000000   Number         0  defsig_rtmem_inner.o ABSOLUTE
    ../../signal.c                           0x00000000   Number         0  defsig_fpe_inner.o ABSOLUTE
    ../../signal.c                           0x00000000   Number         0  defsig_rtmem_formal.o ABSOLUTE
    ../../signal.c                           0x00000000   Number         0  defsig_rtmem_outer.o ABSOLUTE
    ../../signal.c                           0x00000000   Number         0  defsig_exit.o ABSOLUTE
    ../../signal.c                           0x00000000   Number         0  defsig_other.o ABSOLUTE
    ../../signal.c                           0x00000000   Number         0  defsig_segv_inner.o ABSOLUTE
    ../../signal.c                           0x00000000   Number         0  defsig_cppl_inner.o ABSOLUTE
    ../../signal.c                           0x00000000   Number         0  defsig_pvfn_inner.o ABSOLUTE
    ../../signal.s                           0x00000000   Number         0  defsig.o ABSOLUTE
    ../../stdlib.c                           0x00000000   Number         0  exit.o ABSOLUTE
    ../../string.c                           0x00000000   Number         0  strlen.o ABSOLUTE
    ..\\cmsis\\core_cm3.c                    0x00000000   Number         0  core_cm3.o ABSOLUTE
    ..\cmsis\core_cm3.c                      0x00000000   Number         0  core_cm3.o ABSOLUTE
    ..\cmsis\system_stm32f10x.c              0x00000000   Number         0  system_stm32f10x.o ABSOLUTE
    ..\lib\src\misc.c                        0x00000000   Number         0  misc.o ABSOLUTE
    ..\lib\src\stm32f10x_adc.c               0x00000000   Number         0  stm32f10x_adc.o ABSOLUTE
    ..\lib\src\stm32f10x_bkp.c               0x00000000   Number         0  stm32f10x_bkp.o ABSOLUTE
    ..\lib\src\stm32f10x_can.c               0x00000000   Number         0  stm32f10x_can.o ABSOLUTE
    ..\lib\src\stm32f10x_cec.c               0x00000000   Number         0  stm32f10x_cec.o ABSOLUTE
    ..\lib\src\stm32f10x_crc.c               0x00000000   Number         0  stm32f10x_crc.o ABSOLUTE
    ..\lib\src\stm32f10x_dac.c               0x00000000   Number         0  stm32f10x_dac.o ABSOLUTE
    ..\lib\src\stm32f10x_dbgmcu.c            0x00000000   Number         0  stm32f10x_dbgmcu.o ABSOLUTE
    ..\lib\src\stm32f10x_dma.c               0x00000000   Number         0  stm32f10x_dma.o ABSOLUTE
    ..\lib\src\stm32f10x_exti.c              0x00000000   Number         0  stm32f10x_exti.o ABSOLUTE
    ..\lib\src\stm32f10x_flash.c             0x00000000   Number         0  stm32f10x_flash.o ABSOLUTE
    ..\lib\src\stm32f10x_fsmc.c              0x00000000   Number         0  stm32f10x_fsmc.o ABSOLUTE
    ..\lib\src\stm32f10x_gpio.c              0x00000000   Number         0  stm32f10x_gpio.o ABSOLUTE
    ..\lib\src\stm32f10x_i2c.c               0x00000000   Number         0  stm32f10x_i2c.o ABSOLUTE
    ..\lib\src\stm32f10x_iwdg.c              0x00000000   Number         0  stm32f10x_iwdg.o ABSOLUTE
    ..\lib\src\stm32f10x_pwr.c               0x00000000   Number         0  stm32f10x_pwr.o ABSOLUTE
    ..\lib\src\stm32f10x_rcc.c               0x00000000   Number         0  stm32f10x_rcc.o ABSOLUTE
    ..\lib\src\stm32f10x_rtc.c               0x00000000   Number         0  stm32f10x_rtc.o ABSOLUTE
    ..\lib\src\stm32f10x_sdio.c              0x00000000   Number         0  stm32f10x_sdio.o ABSOLUTE
    ..\lib\src\stm32f10x_spi.c               0x00000000   Number         0  stm32f10x_spi.o ABSOLUTE
    ..\lib\src\stm32f10x_tim.c               0x00000000   Number         0  stm32f10x_tim.o ABSOLUTE
    ..\lib\src\stm32f10x_usart.c             0x00000000   Number         0  stm32f10x_usart.o ABSOLUTE
    ..\lib\src\stm32f10x_wwdg.c              0x00000000   Number         0  stm32f10x_wwdg.o ABSOLUTE
    ..\startup\startup_stm32f10x_md.s        0x00000000   Number         0  startup_stm32f10x_md.o ABSOLUTE
    adc.c                                    0x00000000   Number         0  adc.o ABSOLUTE
    dc.s                                     0x00000000   Number         0  dc.o ABSOLUTE
    esp_connect.c                            0x00000000   Number         0  esp_connect.o ABSOLUTE
    led.c                                    0x00000000   Number         0  led.o ABSOLUTE
    main.c                                   0x00000000   Number         0  main.o ABSOLUTE
    stm32f10x_it.c                           0x00000000   Number         0  stm32f10x_it.o ABSOLUTE
    usart.c                                  0x00000000   Number         0  usart.o ABSOLUTE
    var.c                                    0x00000000   Number         0  var.o ABSOLUTE
    RESET                                    0x08000000   Section      236  startup_stm32f10x_md.o(RESET)
    !!!main                                  0x080000ec   Section        8  __main.o(!!!main)
    !!!scatter                               0x080000f4   Section       52  __scatter.o(!!!scatter)
    !!handler_copy                           0x08000128   Section       26  __scatter_copy.o(!!handler_copy)
    !!handler_zi                             0x08000144   Section       28  __scatter_zi.o(!!handler_zi)
    .ARM.Collect$$_printf_percent$$00000000  0x08000160   Section        0  _printf_percent.o(.ARM.Collect$$_printf_percent$$00000000)
    .ARM.Collect$$_printf_percent$$00000013  0x08000160   Section        6  _printf_c.o(.ARM.Collect$$_printf_percent$$00000013)
    .ARM.Collect$$_printf_percent$$00000014  0x08000166   Section        6  _printf_s.o(.ARM.Collect$$_printf_percent$$00000014)
    .ARM.Collect$$_printf_percent$$00000017  0x0800016c   Section        4  _printf_percent_end.o(.ARM.Collect$$_printf_percent$$00000017)
    .ARM.Collect$$libinit$$00000000          0x08000170   Section        6  libinit.o(.ARM.Collect$$libinit$$00000000)
    .ARM.Collect$$libinit$$00000006          0x08000176   Section        0  libinit2.o(.ARM.Collect$$libinit$$00000006)
    .ARM.Collect$$libinit$$00000008          0x08000176   Section        0  libinit2.o(.ARM.Collect$$libinit$$00000008)
    .ARM.Collect$$libinit$$0000000A          0x08000176   Section        0  libinit2.o(.ARM.Collect$$libinit$$0000000A)
    .ARM.Collect$$libinit$$0000000D          0x08000176   Section        0  libinit2.o(.ARM.Collect$$libinit$$0000000D)
    .ARM.Collect$$libinit$$0000000F          0x08000176   Section        0  libinit2.o(.ARM.Collect$$libinit$$0000000F)
    .ARM.Collect$$libinit$$00000011          0x08000176   Section        0  libinit2.o(.ARM.Collect$$libinit$$00000011)
    .ARM.Collect$$libinit$$00000013          0x08000176   Section        0  libinit2.o(.ARM.Collect$$libinit$$00000013)
    .ARM.Collect$$libinit$$00000015          0x08000176   Section        0  libinit2.o(.ARM.Collect$$libinit$$00000015)
    .ARM.Collect$$libinit$$00000017          0x08000176   Section        0  libinit2.o(.ARM.Collect$$libinit$$00000017)
    .ARM.Collect$$libinit$$00000019          0x08000176   Section        0  libinit2.o(.ARM.Collect$$libinit$$00000019)
    .ARM.Collect$$libinit$$0000001B          0x08000176   Section        0  libinit2.o(.ARM.Collect$$libinit$$0000001B)
    .ARM.Collect$$libinit$$0000001D          0x08000176   Section        0  libinit2.o(.ARM.Collect$$libinit$$0000001D)
    .ARM.Collect$$libinit$$0000001F          0x08000176   Section        0  libinit2.o(.ARM.Collect$$libinit$$0000001F)
    .ARM.Collect$$libinit$$00000021          0x08000176   Section        0  libinit2.o(.ARM.Collect$$libinit$$00000021)
    .ARM.Collect$$libinit$$00000028          0x08000176   Section        0  libinit2.o(.ARM.Collect$$libinit$$00000028)
    .ARM.Collect$$libinit$$0000002A          0x08000176   Section        0  libinit2.o(.ARM.Collect$$libinit$$0000002A)
    .ARM.Collect$$libinit$$0000002C          0x08000176   Section        0  libinit2.o(.ARM.Collect$$libinit$$0000002C)
    .ARM.Collect$$libinit$$0000002E          0x08000176   Section        0  libinit2.o(.ARM.Collect$$libinit$$0000002E)
    .ARM.Collect$$libinit$$0000002F          0x08000176   Section        2  libinit2.o(.ARM.Collect$$libinit$$0000002F)
    .ARM.Collect$$libshutdown$$00000000      0x08000178   Section        2  libshutdown.o(.ARM.Collect$$libshutdown$$00000000)
    .ARM.Collect$$libshutdown$$00000003      0x0800017a   Section        0  libshutdown2.o(.ARM.Collect$$libshutdown$$00000003)
    .ARM.Collect$$libshutdown$$00000006      0x0800017a   Section        0  libshutdown2.o(.ARM.Collect$$libshutdown$$00000006)
    .ARM.Collect$$libshutdown$$00000009      0x0800017a   Section        0  libshutdown2.o(.ARM.Collect$$libshutdown$$00000009)
    .ARM.Collect$$libshutdown$$0000000B      0x0800017a   Section        0  libshutdown2.o(.ARM.Collect$$libshutdown$$0000000B)
    .ARM.Collect$$libshutdown$$0000000E      0x0800017a   Section        0  libshutdown2.o(.ARM.Collect$$libshutdown$$0000000E)
    .ARM.Collect$$libshutdown$$0000000F      0x0800017a   Section        2  libshutdown2.o(.ARM.Collect$$libshutdown$$0000000F)
    .ARM.Collect$$rtentry$$00000000          0x0800017c   Section        0  rtentry.o(.ARM.Collect$$rtentry$$00000000)
    .ARM.Collect$$rtentry$$00000002          0x0800017c   Section        0  rtentry2.o(.ARM.Collect$$rtentry$$00000002)
    .ARM.Collect$$rtentry$$00000004          0x0800017c   Section        6  rtentry4.o(.ARM.Collect$$rtentry$$00000004)
    .ARM.Collect$$rtentry$$00000009          0x08000182   Section        0  rtentry2.o(.ARM.Collect$$rtentry$$00000009)
    .ARM.Collect$$rtentry$$0000000A          0x08000182   Section        4  rtentry2.o(.ARM.Collect$$rtentry$$0000000A)
    .ARM.Collect$$rtentry$$0000000C          0x08000186   Section        0  rtentry2.o(.ARM.Collect$$rtentry$$0000000C)
    .ARM.Collect$$rtentry$$0000000D          0x08000186   Section        8  rtentry2.o(.ARM.Collect$$rtentry$$0000000D)
    .ARM.Collect$$rtexit$$00000000           0x0800018e   Section        2  rtexit.o(.ARM.Collect$$rtexit$$00000000)
    .ARM.Collect$$rtexit$$00000002           0x08000190   Section        0  rtexit2.o(.ARM.Collect$$rtexit$$00000002)
    .ARM.Collect$$rtexit$$00000003           0x08000190   Section        4  rtexit2.o(.ARM.Collect$$rtexit$$00000003)
    .ARM.Collect$$rtexit$$00000004           0x08000194   Section        6  rtexit2.o(.ARM.Collect$$rtexit$$00000004)
    .text                                    0x0800019c   Section       64  startup_stm32f10x_md.o(.text)
    .text                                    0x080001dc   Section        0  system_stm32f10x.o(.text)
    SetSysClockTo72                          0x080001dd   Thumb Code   192  system_stm32f10x.o(.text)
    SetSysClock                              0x0800029d   Thumb Code     8  system_stm32f10x.o(.text)
    .text                                    0x080003a4   Section        0  misc.o(.text)
    .text                                    0x08000480   Section        0  stm32f10x_adc.o(.text)
    .text                                    0x080008bc   Section        0  stm32f10x_dma.o(.text)
    .text                                    0x08000b0c   Section        0  stm32f10x_gpio.o(.text)
    .text                                    0x08000e64   Section        0  stm32f10x_rcc.o(.text)
    .text                                    0x08001204   Section        0  stm32f10x_tim.o(.text)
    TI4_Config                               0x0800168f   Thumb Code   118  stm32f10x_tim.o(.text)
    TI3_Config                               0x08001717   Thumb Code   114  stm32f10x_tim.o(.text)
    TI2_Config                               0x0800179f   Thumb Code   118  stm32f10x_tim.o(.text)
    TI1_Config                               0x08001827   Thumb Code   106  stm32f10x_tim.o(.text)
    .text                                    0x08001fb4   Section        0  stm32f10x_usart.o(.text)
    .text                                    0x080023c0   Section        0  main.o(.text)
    .text                                    0x08002500   Section        0  stm32f10x_it.o(.text)
    .text                                    0x08002710   Section        0  led.o(.text)
    .text                                    0x08002764   Section        0  usart.o(.text)
    itoa                                     0x080027fd   Thumb Code    98  usart.o(.text)
    .text                                    0x080029f4   Section        0  esp_connect.o(.text)
    .text                                    0x08002da0   Section        0  var.o(.text)
    .text                                    0x08002dc0   Section        0  adc.o(.text)
    ADC1_Mode_Config                         0x08002dc1   Thumb Code   254  adc.o(.text)
    ADC1_GPIO_Config                         0x08002ebf   Thumb Code    42  adc.o(.text)
    .text                                    0x08002f64   Section        0  noretval__2sprintf.o(.text)
    .text                                    0x08002f8c   Section        0  __printf.o(.text)
    .text                                    0x08002ff6   Section        0  _printf_str.o(.text)
    .text                                    0x08003048   Section        0  strlen.o(.text)
    .text                                    0x08003086   Section      138  rt_memcpy_v6.o(.text)
    .text                                    0x08003110   Section       68  rt_memclr.o(.text)
    .text                                    0x08003154   Section       78  rt_memclr_w.o(.text)
    .text                                    0x080031a4   Section      128  strcmpv7m.o(.text)
    .text                                    0x08003224   Section        0  heapauxi.o(.text)
    .text                                    0x0800322c   Section        0  _printf_char_common.o(.text)
    _printf_input_char                       0x0800322d   Thumb Code    10  _printf_char_common.o(.text)
    .text                                    0x0800325c   Section        0  _sputc.o(.text)
    .text                                    0x08003266   Section        0  _printf_char.o(.text)
    .text                                    0x08003292   Section      100  rt_memcpy_w.o(.text)
    .text                                    0x080032f6   Section       74  sys_stackheap_outer.o(.text)
    .text                                    0x08003340   Section        0  exit.o(.text)
    .text                                    0x0800334c   Section        8  libspace.o(.text)
    .text                                    0x08003354   Section        8  rt_fp_status_addr_intlibspace.o(.text)
    .text                                    0x0800335c   Section        0  sys_exit.o(.text)
    .text                                    0x08003368   Section        2  use_no_semi.o(.text)
    .text                                    0x0800336a   Section        0  indicate_semi.o(.text)
    x$fpl$fpinit                             0x0800336a   Section       14  fpinit.o(x$fpl$fpinit)
    .constdata                               0x08003378   Section      307  esp_connect.o(.constdata)
    .data                                    0x20000000   Section       20  system_stm32f10x.o(.data)
    .data                                    0x20000014   Section       20  stm32f10x_rcc.o(.data)
    APBAHBPrescTable                         0x20000014   Data          16  stm32f10x_rcc.o(.data)
    ADCPrescTable                            0x20000024   Data           4  stm32f10x_rcc.o(.data)
    .data                                    0x20000028   Section        4  esp_connect.o(.data)
    .data                                    0x2000002c   Section       48  var.o(.data)
    .data                                    0x2000005c   Section        2  adc.o(.data)
    .bss                                     0x20000060   Section     8208  var.o(.bss)
    .bss                                     0x20002070   Section       96  libspace.o(.bss)
    HEAP                                     0x200020d0   Section      512  startup_stm32f10x_md.o(HEAP)
    Heap_Mem                                 0x200020d0   Data         512  startup_stm32f10x_md.o(HEAP)
    STACK                                    0x200022d0   Section     1024  startup_stm32f10x_md.o(STACK)
    Stack_Mem                                0x200022d0   Data        1024  startup_stm32f10x_md.o(STACK)
    __initial_sp                             0x200026d0   Data           0  startup_stm32f10x_md.o(STACK)

    Global Symbols

    Symbol Name                              Value     Ov Type        Size  Object(Section)

    BuildAttributes$$THM_ISAv4$P$D$K$B$S$PE$A:L22UL41UL21$X:L11$S22US41US21$IEEE1$IW$USESV6$~STKCKD$USESV7$~SHL$OSPACE$ROPI$EBA8$UX$STANDARDLIB$REQ8$PRES8$EABIv2 0x00000000   Number         0  anon$$obj.o ABSOLUTE
    __ARM_use_no_argv                        0x00000000   Number         0  main.o ABSOLUTE
    __ARM_exceptions_init                     - Undefined Weak Reference
    __alloca_initialize                       - Undefined Weak Reference
    __cpp_initialize__aeabi_                  - Undefined Weak Reference
    __cxa_finalize                            - Undefined Weak Reference
    __rt_locale                               - Undefined Weak Reference
    __sigvec_lookup                           - Undefined Weak Reference
    _atexit_init                              - Undefined Weak Reference
    _call_atexit_fns                          - Undefined Weak Reference
    _clock_init                               - Undefined Weak Reference
    _fp_trap_init                             - Undefined Weak Reference
    _fp_trap_shutdown                         - Undefined Weak Reference
    _get_lc_collate                           - Undefined Weak Reference
    _get_lc_ctype                             - Undefined Weak Reference
    _get_lc_monetary                          - Undefined Weak Reference
    _get_lc_numeric                           - Undefined Weak Reference
    _get_lc_time                              - Undefined Weak Reference
    _getenv_init                              - Undefined Weak Reference
    _handle_redirection                       - Undefined Weak Reference
    _init_alloc                               - Undefined Weak Reference
    _init_user_alloc                          - Undefined Weak Reference
    _initio                                   - Undefined Weak Reference
    _printf_mbtowc                            - Undefined Weak Reference
    _printf_post_padding                      - Undefined Weak Reference
    _printf_pre_padding                       - Undefined Weak Reference
    _rand_init                                - Undefined Weak Reference
    _signal_finish                            - Undefined Weak Reference
    _signal_init                              - Undefined Weak Reference
    _terminate_alloc                          - Undefined Weak Reference
    _terminate_user_alloc                     - Undefined Weak Reference
    _terminateio                              - Undefined Weak Reference
    __Vectors_Size                           0x000000ec   Number         0  startup_stm32f10x_md.o ABSOLUTE
    __Vectors                                0x08000000   Data           4  startup_stm32f10x_md.o(RESET)
    __Vectors_End                            0x080000ec   Data           0  startup_stm32f10x_md.o(RESET)
    __main                                   0x080000ed   Thumb Code     8  __main.o(!!!main)
    __scatterload                            0x080000f5   Thumb Code     0  __scatter.o(!!!scatter)
    __scatterload_rt2                        0x080000f5   Thumb Code    44  __scatter.o(!!!scatter)
    __scatterload_rt2_thumb_only             0x080000f5   Thumb Code     0  __scatter.o(!!!scatter)
    __scatterload_null                       0x08000103   Thumb Code     0  __scatter.o(!!!scatter)
    __scatterload_copy                       0x08000129   Thumb Code    26  __scatter_copy.o(!!handler_copy)
    __scatterload_zeroinit                   0x08000145   Thumb Code    28  __scatter_zi.o(!!handler_zi)
    _printf_c                                0x08000161   Thumb Code     0  _printf_c.o(.ARM.Collect$$_printf_percent$$00000013)
    _printf_percent                          0x08000161   Thumb Code     0  _printf_percent.o(.ARM.Collect$$_printf_percent$$00000000)
    _printf_s                                0x08000167   Thumb Code     0  _printf_s.o(.ARM.Collect$$_printf_percent$$00000014)
    _printf_percent_end                      0x0800016d   Thumb Code     0  _printf_percent_end.o(.ARM.Collect$$_printf_percent$$00000017)
    __rt_lib_init                            0x08000171   Thumb Code     0  libinit.o(.ARM.Collect$$libinit$$00000000)
    __rt_lib_init_alloca_1                   0x08000177   Thumb Code     0  libinit2.o(.ARM.Collect$$libinit$$0000002A)
    __rt_lib_init_argv_1                     0x08000177   Thumb Code     0  libinit2.o(.ARM.Collect$$libinit$$00000028)
    __rt_lib_init_atexit_1                   0x08000177   Thumb Code     0  libinit2.o(.ARM.Collect$$libinit$$00000017)
    __rt_lib_init_clock_1                    0x08000177   Thumb Code     0  libinit2.o(.ARM.Collect$$libinit$$0000001D)
    __rt_lib_init_cpp_1                      0x08000177   Thumb Code     0  libinit2.o(.ARM.Collect$$libinit$$0000002E)
    __rt_lib_init_exceptions_1               0x08000177   Thumb Code     0  libinit2.o(.ARM.Collect$$libinit$$0000002C)
    __rt_lib_init_fp_trap_1                  0x08000177   Thumb Code     0  libinit2.o(.ARM.Collect$$libinit$$0000001B)
    __rt_lib_init_getenv_1                   0x08000177   Thumb Code     0  libinit2.o(.ARM.Collect$$libinit$$0000001F)
    __rt_lib_init_heap_1                     0x08000177   Thumb Code     0  libinit2.o(.ARM.Collect$$libinit$$00000006)
    __rt_lib_init_lc_collate_1               0x08000177   Thumb Code     0  libinit2.o(.ARM.Collect$$libinit$$0000000D)
    __rt_lib_init_lc_ctype_1                 0x08000177   Thumb Code     0  libinit2.o(.ARM.Collect$$libinit$$0000000F)
    __rt_lib_init_lc_monetary_1              0x08000177   Thumb Code     0  libinit2.o(.ARM.Collect$$libinit$$00000011)
    __rt_lib_init_lc_numeric_1               0x08000177   Thumb Code     0  libinit2.o(.ARM.Collect$$libinit$$00000013)
    __rt_lib_init_lc_time_1                  0x08000177   Thumb Code     0  libinit2.o(.ARM.Collect$$libinit$$00000015)
    __rt_lib_init_rand_1                     0x08000177   Thumb Code     0  libinit2.o(.ARM.Collect$$libinit$$0000000A)
    __rt_lib_init_return                     0x08000177   Thumb Code     0  libinit2.o(.ARM.Collect$$libinit$$0000002F)
    __rt_lib_init_signal_1                   0x08000177   Thumb Code     0  libinit2.o(.ARM.Collect$$libinit$$00000019)
    __rt_lib_init_stdio_1                    0x08000177   Thumb Code     0  libinit2.o(.ARM.Collect$$libinit$$00000021)
    __rt_lib_init_user_alloc_1               0x08000177   Thumb Code     0  libinit2.o(.ARM.Collect$$libinit$$00000008)
    __rt_lib_shutdown                        0x08000179   Thumb Code     0  libshutdown.o(.ARM.Collect$$libshutdown$$00000000)
    __rt_lib_shutdown_fp_trap_1              0x0800017b   Thumb Code     0  libshutdown2.o(.ARM.Collect$$libshutdown$$00000006)
    __rt_lib_shutdown_heap_1                 0x0800017b   Thumb Code     0  libshutdown2.o(.ARM.Collect$$libshutdown$$0000000E)
    __rt_lib_shutdown_return                 0x0800017b   Thumb Code     0  libshutdown2.o(.ARM.Collect$$libshutdown$$0000000F)
    __rt_lib_shutdown_signal_1               0x0800017b   Thumb Code     0  libshutdown2.o(.ARM.Collect$$libshutdown$$00000009)
    __rt_lib_shutdown_stdio_1                0x0800017b   Thumb Code     0  libshutdown2.o(.ARM.Collect$$libshutdown$$00000003)
    __rt_lib_shutdown_user_alloc_1           0x0800017b   Thumb Code     0  libshutdown2.o(.ARM.Collect$$libshutdown$$0000000B)
    __rt_entry                               0x0800017d   Thumb Code     0  rtentry.o(.ARM.Collect$$rtentry$$00000000)
    __rt_entry_presh_1                       0x0800017d   Thumb Code     0  rtentry2.o(.ARM.Collect$$rtentry$$00000002)
    __rt_entry_sh                            0x0800017d   Thumb Code     0  rtentry4.o(.ARM.Collect$$rtentry$$00000004)
    __rt_entry_li                            0x08000183   Thumb Code     0  rtentry2.o(.ARM.Collect$$rtentry$$0000000A)
    __rt_entry_postsh_1                      0x08000183   Thumb Code     0  rtentry2.o(.ARM.Collect$$rtentry$$00000009)
    __rt_entry_main                          0x08000187   Thumb Code     0  rtentry2.o(.ARM.Collect$$rtentry$$0000000D)
    __rt_entry_postli_1                      0x08000187   Thumb Code     0  rtentry2.o(.ARM.Collect$$rtentry$$0000000C)
    __rt_exit                                0x0800018f   Thumb Code     0  rtexit.o(.ARM.Collect$$rtexit$$00000000)
    __rt_exit_ls                             0x08000191   Thumb Code     0  rtexit2.o(.ARM.Collect$$rtexit$$00000003)
    __rt_exit_prels_1                        0x08000191   Thumb Code     0  rtexit2.o(.ARM.Collect$$rtexit$$00000002)
    __rt_exit_exit                           0x08000195   Thumb Code     0  rtexit2.o(.ARM.Collect$$rtexit$$00000004)
    Reset_Handler                            0x0800019d   Thumb Code     8  startup_stm32f10x_md.o(.text)
    ADC1_2_IRQHandler                        0x080001b7   Thumb Code     0  startup_stm32f10x_md.o(.text)
    CAN1_RX1_IRQHandler                      0x080001b7   Thumb Code     0  startup_stm32f10x_md.o(.text)
    CAN1_SCE_IRQHandler                      0x080001b7   Thumb Code     0  startup_stm32f10x_md.o(.text)
    DMA1_Channel2_IRQHandler                 0x080001b7   Thumb Code     0  startup_stm32f10x_md.o(.text)
    DMA1_Channel3_IRQHandler                 0x080001b7   Thumb Code     0  startup_stm32f10x_md.o(.text)
    DMA1_Channel4_IRQHandler                 0x080001b7   Thumb Code     0  startup_stm32f10x_md.o(.text)
    DMA1_Channel5_IRQHandler                 0x080001b7   Thumb Code     0  startup_stm32f10x_md.o(.text)
    DMA1_Channel6_IRQHandler                 0x080001b7   Thumb Code     0  startup_stm32f10x_md.o(.text)
    DMA1_Channel7_IRQHandler                 0x080001b7   Thumb Code     0  startup_stm32f10x_md.o(.text)
    EXTI0_IRQHandler                         0x080001b7   Thumb Code     0  startup_stm32f10x_md.o(.text)
    EXTI15_10_IRQHandler                     0x080001b7   Thumb Code     0  startup_stm32f10x_md.o(.text)
    EXTI1_IRQHandler                         0x080001b7   Thumb Code     0  startup_stm32f10x_md.o(.text)
    EXTI2_IRQHandler                         0x080001b7   Thumb Code     0  startup_stm32f10x_md.o(.text)
    EXTI3_IRQHandler                         0x080001b7   Thumb Code     0  startup_stm32f10x_md.o(.text)
    EXTI4_IRQHandler                         0x080001b7   Thumb Code     0  startup_stm32f10x_md.o(.text)
    EXTI9_5_IRQHandler                       0x080001b7   Thumb Code     0  startup_stm32f10x_md.o(.text)
    FLASH_IRQHandler                         0x080001b7   Thumb Code     0  startup_stm32f10x_md.o(.text)
    I2C1_ER_IRQHandler                       0x080001b7   Thumb Code     0  startup_stm32f10x_md.o(.text)
    I2C1_EV_IRQHandler                       0x080001b7   Thumb Code     0  startup_stm32f10x_md.o(.text)
    I2C2_ER_IRQHandler                       0x080001b7   Thumb Code     0  startup_stm32f10x_md.o(.text)
    I2C2_EV_IRQHandler                       0x080001b7   Thumb Code     0  startup_stm32f10x_md.o(.text)
    PVD_IRQHandler                           0x080001b7   Thumb Code     0  startup_stm32f10x_md.o(.text)
    RCC_IRQHandler                           0x080001b7   Thumb Code     0  startup_stm32f10x_md.o(.text)
    RTCAlarm_IRQHandler                      0x080001b7   Thumb Code     0  startup_stm32f10x_md.o(.text)
    RTC_IRQHandler                           0x080001b7   Thumb Code     0  startup_stm32f10x_md.o(.text)
    SPI1_IRQHandler                          0x080001b7   Thumb Code     0  startup_stm32f10x_md.o(.text)
    SPI2_IRQHandler                          0x080001b7   Thumb Code     0  startup_stm32f10x_md.o(.text)
    TAMPER_IRQHandler                        0x080001b7   Thumb Code     0  startup_stm32f10x_md.o(.text)
    TIM1_BRK_IRQHandler                      0x080001b7   Thumb Code     0  startup_stm32f10x_md.o(.text)
    TIM1_CC_IRQHandler                       0x080001b7   Thumb Code     0  startup_stm32f10x_md.o(.text)
    TIM1_TRG_COM_IRQHandler                  0x080001b7   Thumb Code     0  startup_stm32f10x_md.o(.text)
    TIM1_UP_IRQHandler                       0x080001b7   Thumb Code     0  startup_stm32f10x_md.o(.text)
    TIM2_IRQHandler                          0x080001b7   Thumb Code     0  startup_stm32f10x_md.o(.text)
    TIM3_IRQHandler                          0x080001b7   Thumb Code     0  startup_stm32f10x_md.o(.text)
    TIM4_IRQHandler                          0x080001b7   Thumb Code     0  startup_stm32f10x_md.o(.text)
    USART2_IRQHandler                        0x080001b7   Thumb Code     0  startup_stm32f10x_md.o(.text)
    USART3_IRQHandler                        0x080001b7   Thumb Code     0  startup_stm32f10x_md.o(.text)
    USBWakeUp_IRQHandler                     0x080001b7   Thumb Code     0  startup_stm32f10x_md.o(.text)
    USB_HP_CAN1_TX_IRQHandler                0x080001b7   Thumb Code     0  startup_stm32f10x_md.o(.text)
    USB_LP_CAN1_RX0_IRQHandler               0x080001b7   Thumb Code     0  startup_stm32f10x_md.o(.text)
    WWDG_IRQHandler                          0x080001b7   Thumb Code     0  startup_stm32f10x_md.o(.text)
    __user_initial_stackheap                 0x080001b9   Thumb Code     0  startup_stm32f10x_md.o(.text)
    SystemInit                               0x080002a5   Thumb Code    78  system_stm32f10x.o(.text)
    SystemCoreClockUpdate                    0x080002f3   Thumb Code   142  system_stm32f10x.o(.text)
    NVIC_PriorityGroupConfig                 0x080003a5   Thumb Code    10  misc.o(.text)
    NVIC_Init                                0x080003af   Thumb Code   102  misc.o(.text)
    NVIC_SetVectorTable                      0x08000415   Thumb Code    14  misc.o(.text)
    NVIC_SystemLPConfig                      0x08000423   Thumb Code    34  misc.o(.text)
    SysTick_CLKSourceConfig                  0x08000445   Thumb Code    40  misc.o(.text)
    ADC_DeInit                               0x08000481   Thumb Code    78  stm32f10x_adc.o(.text)
    ADC_Init                                 0x080004cf   Thumb Code    70  stm32f10x_adc.o(.text)
    ADC_StructInit                           0x08000515   Thumb Code    18  stm32f10x_adc.o(.text)
    ADC_Cmd                                  0x08000527   Thumb Code    22  stm32f10x_adc.o(.text)
    ADC_DMACmd                               0x0800053d   Thumb Code    22  stm32f10x_adc.o(.text)
    ADC_ITConfig                             0x08000553   Thumb Code    24  stm32f10x_adc.o(.text)
    ADC_ResetCalibration                     0x0800056b   Thumb Code    10  stm32f10x_adc.o(.text)
    ADC_GetResetCalibrationStatus            0x08000575   Thumb Code    20  stm32f10x_adc.o(.text)
    ADC_StartCalibration                     0x08000589   Thumb Code    10  stm32f10x_adc.o(.text)
    ADC_GetCalibrationStatus                 0x08000593   Thumb Code    20  stm32f10x_adc.o(.text)
    ADC_SoftwareStartConvCmd                 0x080005a7   Thumb Code    22  stm32f10x_adc.o(.text)
    ADC_GetSoftwareStartConvStatus           0x080005bd   Thumb Code    20  stm32f10x_adc.o(.text)
    ADC_DiscModeChannelCountConfig           0x080005d1   Thumb Code    24  stm32f10x_adc.o(.text)
    ADC_DiscModeCmd                          0x080005e9   Thumb Code    22  stm32f10x_adc.o(.text)
    ADC_RegularChannelConfig                 0x080005ff   Thumb Code   184  stm32f10x_adc.o(.text)
    ADC_ExternalTrigConvCmd                  0x080006b7   Thumb Code    22  stm32f10x_adc.o(.text)
    ADC_GetConversionValue                   0x080006cd   Thumb Code     8  stm32f10x_adc.o(.text)
    ADC_GetDualModeConversionValue           0x080006d5   Thumb Code     8  stm32f10x_adc.o(.text)
    ADC_AutoInjectedConvCmd                  0x080006dd   Thumb Code    22  stm32f10x_adc.o(.text)
    ADC_InjectedDiscModeCmd                  0x080006f3   Thumb Code    22  stm32f10x_adc.o(.text)
    ADC_ExternalTrigInjectedConvConfig       0x08000709   Thumb Code    16  stm32f10x_adc.o(.text)
    ADC_ExternalTrigInjectedConvCmd          0x08000719   Thumb Code    22  stm32f10x_adc.o(.text)
    ADC_SoftwareStartInjectedConvCmd         0x0800072f   Thumb Code    22  stm32f10x_adc.o(.text)
    ADC_GetSoftwareStartInjectedConvCmdStatus 0x08000745   Thumb Code    20  stm32f10x_adc.o(.text)
    ADC_InjectedChannelConfig                0x08000759   Thumb Code   130  stm32f10x_adc.o(.text)
    ADC_InjectedSequencerLengthConfig        0x080007db   Thumb Code    24  stm32f10x_adc.o(.text)
    ADC_SetInjectedOffset                    0x080007f3   Thumb Code    12  stm32f10x_adc.o(.text)
    ADC_GetInjectedConversionValue           0x080007ff   Thumb Code    18  stm32f10x_adc.o(.text)
    ADC_AnalogWatchdogCmd                    0x08000811   Thumb Code    16  stm32f10x_adc.o(.text)
    ADC_AnalogWatchdogThresholdsConfig       0x08000821   Thumb Code     6  stm32f10x_adc.o(.text)
    ADC_AnalogWatchdogSingleChannelConfig    0x08000827   Thumb Code    16  stm32f10x_adc.o(.text)
    ADC_TempSensorVrefintCmd                 0x08000837   Thumb Code    38  stm32f10x_adc.o(.text)
    ADC_GetFlagStatus                        0x0800085d   Thumb Code    44  stm32f10x_adc.o(.text)
    ADC_ClearFlag                            0x08000889   Thumb Code     6  stm32f10x_adc.o(.text)
    ADC_GetITStatus                          0x0800088f   Thumb Code    36  stm32f10x_adc.o(.text)
    ADC_ClearITPendingBit                    0x080008b3   Thumb Code    10  stm32f10x_adc.o(.text)
    DMA_DeInit                               0x080008bd   Thumb Code   324  stm32f10x_dma.o(.text)
    DMA_Init                                 0x08000a01   Thumb Code    60  stm32f10x_dma.o(.text)
    DMA_StructInit                           0x08000a3d   Thumb Code    26  stm32f10x_dma.o(.text)
    DMA_Cmd                                  0x08000a57   Thumb Code    24  stm32f10x_dma.o(.text)
    DMA_ITConfig                             0x08000a6f   Thumb Code    18  stm32f10x_dma.o(.text)
    DMA_SetCurrDataCounter                   0x08000a81   Thumb Code     4  stm32f10x_dma.o(.text)
    DMA_GetCurrDataCounter                   0x08000a85   Thumb Code     8  stm32f10x_dma.o(.text)
    DMA_GetFlagStatus                        0x08000a8d   Thumb Code    38  stm32f10x_dma.o(.text)
    DMA_ClearFlag                            0x08000ab3   Thumb Code    22  stm32f10x_dma.o(.text)
    DMA_GetITStatus                          0x08000ac9   Thumb Code    38  stm32f10x_dma.o(.text)
    DMA_ClearITPendingBit                    0x08000aef   Thumb Code    22  stm32f10x_dma.o(.text)
    GPIO_DeInit                              0x08000b0d   Thumb Code   172  stm32f10x_gpio.o(.text)
    GPIO_AFIODeInit                          0x08000bb9   Thumb Code    20  stm32f10x_gpio.o(.text)
    GPIO_Init                                0x08000bcd   Thumb Code   274  stm32f10x_gpio.o(.text)
    GPIO_StructInit                          0x08000cdf   Thumb Code    16  stm32f10x_gpio.o(.text)
    GPIO_ReadInputDataBit                    0x08000cef   Thumb Code    18  stm32f10x_gpio.o(.text)
    GPIO_ReadInputData                       0x08000d01   Thumb Code     8  stm32f10x_gpio.o(.text)
    GPIO_ReadOutputDataBit                   0x08000d09   Thumb Code    18  stm32f10x_gpio.o(.text)
    GPIO_ReadOutputData                      0x08000d1b   Thumb Code     8  stm32f10x_gpio.o(.text)
    GPIO_SetBits                             0x08000d23   Thumb Code     4  stm32f10x_gpio.o(.text)
    GPIO_ResetBits                           0x08000d27   Thumb Code     4  stm32f10x_gpio.o(.text)
    GPIO_WriteBit                            0x08000d2b   Thumb Code    10  stm32f10x_gpio.o(.text)
    GPIO_Write                               0x08000d35   Thumb Code     4  stm32f10x_gpio.o(.text)
    GPIO_PinLockConfig                       0x08000d39   Thumb Code    18  stm32f10x_gpio.o(.text)
    GPIO_EventOutputConfig                   0x08000d4b   Thumb Code    26  stm32f10x_gpio.o(.text)
    GPIO_EventOutputCmd                      0x08000d65   Thumb Code     6  stm32f10x_gpio.o(.text)
    GPIO_PinRemapConfig                      0x08000d6b   Thumb Code   138  stm32f10x_gpio.o(.text)
    GPIO_EXTILineConfig                      0x08000df5   Thumb Code    66  stm32f10x_gpio.o(.text)
    GPIO_ETH_MediaInterfaceConfig            0x08000e37   Thumb Code     6  stm32f10x_gpio.o(.text)
    RCC_DeInit                               0x08000e65   Thumb Code    64  stm32f10x_rcc.o(.text)
    RCC_HSEConfig                            0x08000ea5   Thumb Code    70  stm32f10x_rcc.o(.text)
    RCC_GetFlagStatus                        0x08000eeb   Thumb Code    56  stm32f10x_rcc.o(.text)
    RCC_WaitForHSEStartUp                    0x08000f23   Thumb Code    48  stm32f10x_rcc.o(.text)
    RCC_AdjustHSICalibrationValue            0x08000f53   Thumb Code    20  stm32f10x_rcc.o(.text)
    RCC_HSICmd                               0x08000f67   Thumb Code     6  stm32f10x_rcc.o(.text)
    RCC_PLLConfig                            0x08000f6d   Thumb Code    24  stm32f10x_rcc.o(.text)
    RCC_PLLCmd                               0x08000f85   Thumb Code     6  stm32f10x_rcc.o(.text)
    RCC_SYSCLKConfig                         0x08000f8b   Thumb Code    18  stm32f10x_rcc.o(.text)
    RCC_GetSYSCLKSource                      0x08000f9d   Thumb Code    10  stm32f10x_rcc.o(.text)
    RCC_HCLKConfig                           0x08000fa7   Thumb Code    18  stm32f10x_rcc.o(.text)
    RCC_PCLK1Config                          0x08000fb9   Thumb Code    18  stm32f10x_rcc.o(.text)
    RCC_PCLK2Config                          0x08000fcb   Thumb Code    20  stm32f10x_rcc.o(.text)
    RCC_ITConfig                             0x08000fdf   Thumb Code    30  stm32f10x_rcc.o(.text)
    RCC_USBCLKConfig                         0x08000ffd   Thumb Code     6  stm32f10x_rcc.o(.text)
    RCC_ADCCLKConfig                         0x08001003   Thumb Code    18  stm32f10x_rcc.o(.text)
    RCC_LSEConfig                            0x08001015   Thumb Code    44  stm32f10x_rcc.o(.text)
    RCC_LSICmd                               0x08001041   Thumb Code     6  stm32f10x_rcc.o(.text)
    RCC_RTCCLKConfig                         0x08001047   Thumb Code    12  stm32f10x_rcc.o(.text)
    RCC_RTCCLKCmd                            0x08001053   Thumb Code     8  stm32f10x_rcc.o(.text)
    RCC_GetClocksFreq                        0x0800105b   Thumb Code   192  stm32f10x_rcc.o(.text)
    RCC_AHBPeriphClockCmd                    0x0800111b   Thumb Code    26  stm32f10x_rcc.o(.text)
    RCC_APB2PeriphClockCmd                   0x08001135   Thumb Code    26  stm32f10x_rcc.o(.text)
    RCC_APB1PeriphClockCmd                   0x0800114f   Thumb Code    26  stm32f10x_rcc.o(.text)
    RCC_APB2PeriphResetCmd                   0x08001169   Thumb Code    26  stm32f10x_rcc.o(.text)
    RCC_APB1PeriphResetCmd                   0x08001183   Thumb Code    26  stm32f10x_rcc.o(.text)
    RCC_BackupResetCmd                       0x0800119d   Thumb Code     8  stm32f10x_rcc.o(.text)
    RCC_ClockSecuritySystemCmd               0x080011a5   Thumb Code     6  stm32f10x_rcc.o(.text)
    RCC_MCOConfig                            0x080011ab   Thumb Code     6  stm32f10x_rcc.o(.text)
    RCC_ClearFlag                            0x080011b1   Thumb Code    14  stm32f10x_rcc.o(.text)
    RCC_GetITStatus                          0x080011bf   Thumb Code    20  stm32f10x_rcc.o(.text)
    RCC_ClearITPendingBit                    0x080011d3   Thumb Code     6  stm32f10x_rcc.o(.text)
    TIM_DeInit                               0x08001205   Thumb Code   424  stm32f10x_tim.o(.text)
    TIM_TimeBaseInit                         0x080013ad   Thumb Code   122  stm32f10x_tim.o(.text)
    TIM_OC1Init                              0x08001427   Thumb Code   132  stm32f10x_tim.o(.text)
    TIM_OC2Init                              0x080014ab   Thumb Code   146  stm32f10x_tim.o(.text)
    TIM_OC3Init                              0x0800153d   Thumb Code   142  stm32f10x_tim.o(.text)
    TIM_OC4Init                              0x080015cb   Thumb Code   174  stm32f10x_tim.o(.text)
    TIM_SetIC4Prescaler                      0x08001679   Thumb Code    22  stm32f10x_tim.o(.text)
    TIM_SetIC3Prescaler                      0x08001705   Thumb Code    18  stm32f10x_tim.o(.text)
    TIM_SetIC2Prescaler                      0x08001789   Thumb Code    22  stm32f10x_tim.o(.text)
    TIM_SetIC1Prescaler                      0x08001815   Thumb Code    18  stm32f10x_tim.o(.text)
    TIM_ICInit                               0x08001891   Thumb Code   150  stm32f10x_tim.o(.text)
    TIM_PWMIConfig                           0x08001927   Thumb Code   124  stm32f10x_tim.o(.text)
    TIM_BDTRConfig                           0x080019a3   Thumb Code    32  stm32f10x_tim.o(.text)
    TIM_TimeBaseStructInit                   0x080019c3   Thumb Code    18  stm32f10x_tim.o(.text)
    TIM_OCStructInit                         0x080019d5   Thumb Code    20  stm32f10x_tim.o(.text)
    TIM_ICStructInit                         0x080019e9   Thumb Code    18  stm32f10x_tim.o(.text)
    TIM_BDTRStructInit                       0x080019fb   Thumb Code    18  stm32f10x_tim.o(.text)
    TIM_Cmd                                  0x08001a0d   Thumb Code    24  stm32f10x_tim.o(.text)
    TIM_CtrlPWMOutputs                       0x08001a25   Thumb Code    50  stm32f10x_tim.o(.text)
    TIM_ITConfig                             0x08001a57   Thumb Code    24  stm32f10x_tim.o(.text)
    TIM_GenerateEvent                        0x08001a6f   Thumb Code     4  stm32f10x_tim.o(.text)
    TIM_DMAConfig                            0x08001a73   Thumb Code    10  stm32f10x_tim.o(.text)
    TIM_DMACmd                               0x08001a7d   Thumb Code    24  stm32f10x_tim.o(.text)
    TIM_InternalClockConfig                  0x08001a95   Thumb Code    12  stm32f10x_tim.o(.text)
    TIM_SelectInputTrigger                   0x08001aa1   Thumb Code    18  stm32f10x_tim.o(.text)
    TIM_ITRxExternalClockConfig              0x08001ab3   Thumb Code    24  stm32f10x_tim.o(.text)
    TIM_TIxExternalClockConfig               0x08001acb   Thumb Code    62  stm32f10x_tim.o(.text)
    TIM_ETRConfig                            0x08001b09   Thumb Code    24  stm32f10x_tim.o(.text)
    TIM_ETRClockMode1Config                  0x08001b21   Thumb Code    54  stm32f10x_tim.o(.text)
    TIM_ETRClockMode2Config                  0x08001b57   Thumb Code    32  stm32f10x_tim.o(.text)
    TIM_PrescalerConfig                      0x08001b77   Thumb Code     6  stm32f10x_tim.o(.text)
    TIM_CounterModeConfig                    0x08001b7d   Thumb Code    18  stm32f10x_tim.o(.text)
    TIM_EncoderInterfaceConfig               0x08001b8f   Thumb Code    62  stm32f10x_tim.o(.text)
    TIM_ForcedOC1Config                      0x08001bcd   Thumb Code    18  stm32f10x_tim.o(.text)
    TIM_ForcedOC2Config                      0x08001bdf   Thumb Code    22  stm32f10x_tim.o(.text)
    TIM_ForcedOC3Config                      0x08001bf5   Thumb Code    18  stm32f10x_tim.o(.text)
    TIM_ForcedOC4Config                      0x08001c07   Thumb Code    22  stm32f10x_tim.o(.text)
    TIM_ARRPreloadConfig                     0x08001c1d   Thumb Code    24  stm32f10x_tim.o(.text)
    TIM_SelectCOM                            0x08001c35   Thumb Code    24  stm32f10x_tim.o(.text)
    TIM_SelectCCDMA                          0x08001c4d   Thumb Code    24  stm32f10x_tim.o(.text)
    TIM_CCPreloadControl                     0x08001c65   Thumb Code    24  stm32f10x_tim.o(.text)
    TIM_OC1PreloadConfig                     0x08001c7d   Thumb Code    18  stm32f10x_tim.o(.text)
    TIM_OC2PreloadConfig                     0x08001c8f   Thumb Code    22  stm32f10x_tim.o(.text)
    TIM_OC3PreloadConfig                     0x08001ca5   Thumb Code    18  stm32f10x_tim.o(.text)
    TIM_OC4PreloadConfig                     0x08001cb7   Thumb Code    22  stm32f10x_tim.o(.text)
    TIM_OC1FastConfig                        0x08001ccd   Thumb Code    18  stm32f10x_tim.o(.text)
    TIM_OC2FastConfig                        0x08001cdf   Thumb Code    22  stm32f10x_tim.o(.text)
    TIM_OC3FastConfig                        0x08001cf5   Thumb Code    18  stm32f10x_tim.o(.text)
    TIM_OC4FastConfig                        0x08001d07   Thumb Code    22  stm32f10x_tim.o(.text)
    TIM_ClearOC1Ref                          0x08001d1d   Thumb Code    18  stm32f10x_tim.o(.text)
    TIM_ClearOC2Ref                          0x08001d2f   Thumb Code    20  stm32f10x_tim.o(.text)
    TIM_ClearOC3Ref                          0x08001d43   Thumb Code    18  stm32f10x_tim.o(.text)
    TIM_ClearOC4Ref                          0x08001d55   Thumb Code    20  stm32f10x_tim.o(.text)
    TIM_OC1PolarityConfig                    0x08001d69   Thumb Code    18  stm32f10x_tim.o(.text)
    TIM_OC1NPolarityConfig                   0x08001d7b   Thumb Code    18  stm32f10x_tim.o(.text)
    TIM_OC2PolarityConfig                    0x08001d8d   Thumb Code    22  stm32f10x_tim.o(.text)
    TIM_OC2NPolarityConfig                   0x08001da3   Thumb Code    22  stm32f10x_tim.o(.text)
    TIM_OC3PolarityConfig                    0x08001db9   Thumb Code    22  stm32f10x_tim.o(.text)
    TIM_OC3NPolarityConfig                   0x08001dcf   Thumb Code    22  stm32f10x_tim.o(.text)
    TIM_OC4PolarityConfig                    0x08001de5   Thumb Code    22  stm32f10x_tim.o(.text)
    TIM_CCxCmd                               0x08001dfb   Thumb Code    34  stm32f10x_tim.o(.text)
    TIM_CCxNCmd                              0x08001e1d   Thumb Code    34  stm32f10x_tim.o(.text)
    TIM_SelectOCxM                           0x08001e3f   Thumb Code    82  stm32f10x_tim.o(.text)
    TIM_UpdateDisableConfig                  0x08001e91   Thumb Code    24  stm32f10x_tim.o(.text)
    TIM_UpdateRequestConfig                  0x08001ea9   Thumb Code    24  stm32f10x_tim.o(.text)
    TIM_SelectHallSensor                     0x08001ec1   Thumb Code    24  stm32f10x_tim.o(.text)
    TIM_SelectOnePulseMode                   0x08001ed9   Thumb Code    18  stm32f10x_tim.o(.text)
    TIM_SelectOutputTrigger                  0x08001eeb   Thumb Code    18  stm32f10x_tim.o(.text)
    TIM_SelectSlaveMode                      0x08001efd   Thumb Code    18  stm32f10x_tim.o(.text)
    TIM_SelectMasterSlaveMode                0x08001f0f   Thumb Code    18  stm32f10x_tim.o(.text)
    TIM_SetCounter                           0x08001f21   Thumb Code     4  stm32f10x_tim.o(.text)
    TIM_SetAutoreload                        0x08001f25   Thumb Code     4  stm32f10x_tim.o(.text)
    TIM_SetCompare1                          0x08001f29   Thumb Code     4  stm32f10x_tim.o(.text)
    TIM_SetCompare2                          0x08001f2d   Thumb Code     4  stm32f10x_tim.o(.text)
    TIM_SetCompare3                          0x08001f31   Thumb Code     4  stm32f10x_tim.o(.text)
    TIM_SetCompare4                          0x08001f35   Thumb Code     6  stm32f10x_tim.o(.text)
    TIM_SetClockDivision                     0x08001f3b   Thumb Code    18  stm32f10x_tim.o(.text)
    TIM_GetCapture1                          0x08001f4d   Thumb Code     6  stm32f10x_tim.o(.text)
    TIM_GetCapture2                          0x08001f53   Thumb Code     6  stm32f10x_tim.o(.text)
    TIM_GetCapture3                          0x08001f59   Thumb Code     6  stm32f10x_tim.o(.text)
    TIM_GetCapture4                          0x08001f5f   Thumb Code     8  stm32f10x_tim.o(.text)
    TIM_GetCounter                           0x08001f67   Thumb Code     6  stm32f10x_tim.o(.text)
    TIM_GetPrescaler                         0x08001f6d   Thumb Code     6  stm32f10x_tim.o(.text)
    TIM_GetFlagStatus                        0x08001f73   Thumb Code    18  stm32f10x_tim.o(.text)
    TIM_ClearFlag                            0x08001f85   Thumb Code     6  stm32f10x_tim.o(.text)
    TIM_GetITStatus                          0x08001f8b   Thumb Code    34  stm32f10x_tim.o(.text)
    TIM_ClearITPendingBit                    0x08001fad   Thumb Code     6  stm32f10x_tim.o(.text)
    USART_DeInit                             0x08001fb5   Thumb Code   134  stm32f10x_usart.o(.text)
    USART_Init                               0x0800203b   Thumb Code   210  stm32f10x_usart.o(.text)
    USART_StructInit                         0x0800210d   Thumb Code    24  stm32f10x_usart.o(.text)
    USART_ClockInit                          0x08002125   Thumb Code    34  stm32f10x_usart.o(.text)
    USART_ClockStructInit                    0x08002147   Thumb Code    12  stm32f10x_usart.o(.text)
    USART_Cmd                                0x08002153   Thumb Code    24  stm32f10x_usart.o(.text)
    USART_ITConfig                           0x0800216b   Thumb Code    74  stm32f10x_usart.o(.text)
    USART_DMACmd                             0x080021b5   Thumb Code    24  stm32f10x_usart.o(.text)
    USART_SetAddress                         0x080021cd   Thumb Code    18  stm32f10x_usart.o(.text)
    USART_WakeUpConfig                       0x080021df   Thumb Code    18  stm32f10x_usart.o(.text)
    USART_ReceiverWakeUpCmd                  0x080021f1   Thumb Code    24  stm32f10x_usart.o(.text)
    USART_LINBreakDetectLengthConfig         0x08002209   Thumb Code    18  stm32f10x_usart.o(.text)
    USART_LINCmd                             0x0800221b   Thumb Code    24  stm32f10x_usart.o(.text)
    USART_SendData                           0x08002233   Thumb Code     8  stm32f10x_usart.o(.text)
    USART_ReceiveData                        0x0800223b   Thumb Code    10  stm32f10x_usart.o(.text)
    USART_SendBreak                          0x08002245   Thumb Code    10  stm32f10x_usart.o(.text)
    USART_SetGuardTime                       0x0800224f   Thumb Code    16  stm32f10x_usart.o(.text)
    USART_SetPrescaler                       0x0800225f   Thumb Code    16  stm32f10x_usart.o(.text)
    USART_SmartCardCmd                       0x0800226f   Thumb Code    24  stm32f10x_usart.o(.text)
    USART_SmartCardNACKCmd                   0x08002287   Thumb Code    24  stm32f10x_usart.o(.text)
    USART_HalfDuplexCmd                      0x0800229f   Thumb Code    24  stm32f10x_usart.o(.text)
    USART_OverSampling8Cmd                   0x080022b7   Thumb Code    22  stm32f10x_usart.o(.text)
    USART_OneBitMethodCmd                    0x080022cd   Thumb Code    24  stm32f10x_usart.o(.text)
    USART_IrDAConfig                         0x080022e5   Thumb Code    18  stm32f10x_usart.o(.text)
    USART_IrDACmd                            0x080022f7   Thumb Code    24  stm32f10x_usart.o(.text)
    USART_GetFlagStatus                      0x0800230f   Thumb Code    26  stm32f10x_usart.o(.text)
    USART_ClearFlag                          0x08002329   Thumb Code    18  stm32f10x_usart.o(.text)
    USART_GetITStatus                        0x0800233b   Thumb Code    84  stm32f10x_usart.o(.text)
    USART_ClearITPendingBit                  0x0800238f   Thumb Code    50  stm32f10x_usart.o(.text)
    main                                     0x080023c1   Thumb Code   156  main.o(.text)
    Delay                                    0x0800245d   Thumb Code    20  main.o(.text)
    Delay2                                   0x08002471   Thumb Code    16  main.o(.text)
    itoa                                     0x08002481   Thumb Code    98  main.o(.text)
    NMI_Handler                              0x08002501   Thumb Code     2  stm32f10x_it.o(.text)
    HardFault_Handler                        0x08002503   Thumb Code     4  stm32f10x_it.o(.text)
    MemManage_Handler                        0x08002507   Thumb Code     4  stm32f10x_it.o(.text)
    BusFault_Handler                         0x0800250b   Thumb Code     4  stm32f10x_it.o(.text)
    UsageFault_Handler                       0x0800250f   Thumb Code     4  stm32f10x_it.o(.text)
    SVC_Handler                              0x08002513   Thumb Code     2  stm32f10x_it.o(.text)
    DebugMon_Handler                         0x08002515   Thumb Code     2  stm32f10x_it.o(.text)
    PendSV_Handler                           0x08002517   Thumb Code     2  stm32f10x_it.o(.text)
    SysTick_Handler                          0x08002519   Thumb Code     2  stm32f10x_it.o(.text)
    USART1_IRQHandler                        0x0800251b   Thumb Code   128  stm32f10x_it.o(.text)
    DMA1_Channel1_IRQHandler                 0x0800259b   Thumb Code   238  stm32f10x_it.o(.text)
    LED_GPIO_Config                          0x08002711   Thumb Code    78  led.o(.text)
    USART1_Config                            0x08002765   Thumb Code   152  usart.o(.text)
    USART_printf                             0x0800285f   Thumb Code   262  usart.o(.text)
    My_Usart_ReadLine                        0x08002965   Thumb Code   118  usart.o(.text)
    esp_wait                                 0x080029f5   Thumb Code    78  esp_connect.o(.text)
    esp_tcp_connect                          0x08002a43   Thumb Code    42  esp_connect.o(.text)
    esp_ap_connect                           0x08002a6d   Thumb Code    42  esp_connect.o(.text)
    esp_cwmode                               0x08002a97   Thumb Code    36  esp_connect.o(.text)
    esp_reset                                0x08002abb   Thumb Code    44  esp_connect.o(.text)
    esp_init                                 0x08002ae7   Thumb Code    46  esp_connect.o(.text)
    esp_send                                 0x08002b15   Thumb Code   430  esp_connect.o(.text)
    mystrcat                                 0x08002da1   Thumb Code    32  var.o(.text)
    TIM2_Configuration                       0x08002ee9   Thumb Code    92  adc.o(.text)
    ADC1_Init                                0x08002f45   Thumb Code    16  adc.o(.text)
    __2sprintf                               0x08002f65   Thumb Code    34  noretval__2sprintf.o(.text)
    __printf                                 0x08002f8d   Thumb Code   106  __printf.o(.text)
    _printf_str                              0x08002ff7   Thumb Code    82  _printf_str.o(.text)
    strlen                                   0x08003049   Thumb Code    62  strlen.o(.text)
    __aeabi_memcpy                           0x08003087   Thumb Code     0  rt_memcpy_v6.o(.text)
    __rt_memcpy                              0x08003087   Thumb Code   138  rt_memcpy_v6.o(.text)
    _memcpy_lastbytes                        0x080030ed   Thumb Code     0  rt_memcpy_v6.o(.text)
    __aeabi_memclr                           0x08003111   Thumb Code     0  rt_memclr.o(.text)
    __rt_memclr                              0x08003111   Thumb Code    68  rt_memclr.o(.text)
    _memset                                  0x08003115   Thumb Code     0  rt_memclr.o(.text)
    __aeabi_memclr4                          0x08003155   Thumb Code     0  rt_memclr_w.o(.text)
    __aeabi_memclr8                          0x08003155   Thumb Code     0  rt_memclr_w.o(.text)
    __rt_memclr_w                            0x08003155   Thumb Code    78  rt_memclr_w.o(.text)
    _memset_w                                0x08003159   Thumb Code     0  rt_memclr_w.o(.text)
    strcmp                                   0x080031a5   Thumb Code   128  strcmpv7m.o(.text)
    __use_two_region_memory                  0x08003225   Thumb Code     2  heapauxi.o(.text)
    __rt_heap_escrow$2region                 0x08003227   Thumb Code     2  heapauxi.o(.text)
    __rt_heap_expand$2region                 0x08003229   Thumb Code     2  heapauxi.o(.text)
    _printf_char_common                      0x08003237   Thumb Code    32  _printf_char_common.o(.text)
    _sputc                                   0x0800325d   Thumb Code    10  _sputc.o(.text)
    _printf_cs_common                        0x08003267   Thumb Code    20  _printf_char.o(.text)
    _printf_char                             0x0800327b   Thumb Code    16  _printf_char.o(.text)
    _printf_string                           0x0800328b   Thumb Code     8  _printf_char.o(.text)
    __aeabi_memcpy4                          0x08003293   Thumb Code     0  rt_memcpy_w.o(.text)
    __aeabi_memcpy8                          0x08003293   Thumb Code     0  rt_memcpy_w.o(.text)
    __rt_memcpy_w                            0x08003293   Thumb Code   100  rt_memcpy_w.o(.text)
    _memcpy_lastbytes_aligned                0x080032db   Thumb Code     0  rt_memcpy_w.o(.text)
    __user_setup_stackheap                   0x080032f7   Thumb Code    74  sys_stackheap_outer.o(.text)
    exit                                     0x08003341   Thumb Code    12  exit.o(.text)
    __user_libspace                          0x0800334d   Thumb Code     8  libspace.o(.text)
    __user_perproc_libspace                  0x0800334d   Thumb Code     0  libspace.o(.text)
    __user_perthread_libspace                0x0800334d   Thumb Code     0  libspace.o(.text)
    __rt_fp_status_addr                      0x08003355   Thumb Code     8  rt_fp_status_addr_intlibspace.o(.text)
    _sys_exit                                0x0800335d   Thumb Code     8  sys_exit.o(.text)
    __I$use$semihosting                      0x08003369   Thumb Code     0  use_no_semi.o(.text)
    __use_no_semihosting_swi                 0x08003369   Thumb Code     2  use_no_semi.o(.text)
    __semihosting_library_function           0x0800336b   Thumb Code     0  indicate_semi.o(.text)
    _fp_init                                 0x0800336b   Thumb Code    14  fpinit.o(x$fpl$fpinit)
    __fplib_config_pureend_doubles           0x08003377   Thumb Code     0  fpinit.o(x$fpl$fpinit)
    Region$$Table$$Base                      0x080034ac   Number         0  anon$$obj.o(Region$$Table)
    Region$$Table$$Limit                     0x080034cc   Number         0  anon$$obj.o(Region$$Table)
    SystemCoreClock                          0x20000000   Data           4  system_stm32f10x.o(.data)
    AHBPrescTable                            0x20000004   Data          16  system_stm32f10x.o(.data)
    timeout                                  0x20000028   Data           4  esp_connect.o(.data)
    tcp_connection_flag                      0x2000002c   Data           4  var.o(.data)
    ap_connection_flag                       0x20000030   Data           4  var.o(.data)
    process_flag                             0x20000034   Data           4  var.o(.data)
    usart_char                               0x20000038   Data           1  var.o(.data)
    error_flag                               0x2000003c   Data           4  var.o(.data)
    send_flag                                0x20000040   Data           4  var.o(.data)
    data_count                               0x20000044   Data           4  var.o(.data)
    buf_flag                                 0x20000048   Data           4  var.o(.data)
    unlink                                   0x2000004c   Data           4  var.o(.data)
    adc_flag                                 0x20000050   Data           4  var.o(.data)
    TX_data_buff_flag                        0x20000054   Data           4  var.o(.data)
    point                                    0x20000058   Data           4  var.o(.data)
    adc_data                                 0x2000005c   Data           2  adc.o(.data)
    buff                                     0x20000060   Data        2048  var.o(.bss)
    data_buf                                 0x20000860   Data        2048  var.o(.bss)
    data_buf2                                0x20001060   Data        2048  var.o(.bss)
    data_buf3                                0x20001860   Data        2048  var.o(.bss)
    int_bu                                   0x20002060   Data          16  var.o(.bss)
    __libspace_start                         0x20002070   Data          96  libspace.o(.bss)
    __temporary_stack_top$libspace           0x200020d0   Data           0  libspace.o(.bss)



==============================================================================

Memory Map of the image

  Image Entry point : 0x0800019d

  Load Region LR_1 (Base: 0x08000000, Size: 0x0000352c, Max: 0xffffffff, ABSOLUTE)

    Execution Region ER_RO (Base: 0x08000000, Size: 0x000034cc, Max: 0xffffffff, ABSOLUTE)

    Base Addr    Size         Type   Attr      Idx    E Section Name        Object

    0x08000000   0x000000ec   Data   RO            3    RESET               startup_stm32f10x_md.o
    0x080000ec   0x00000008   Code   RO          588  * !!!main             c_w.l(__main.o)
    0x080000f4   0x00000034   Code   RO          756    !!!scatter          c_w.l(__scatter.o)
    0x08000128   0x0000001a   Code   RO          758    !!handler_copy      c_w.l(__scatter_copy.o)
    0x08000142   0x00000002   PAD
    0x08000144   0x0000001c   Code   RO          760    !!handler_zi        c_w.l(__scatter_zi.o)
    0x08000160   0x00000000   Code   RO          575    .ARM.Collect$$_printf_percent$$00000000  c_w.l(_printf_percent.o)
    0x08000160   0x00000006   Code   RO          573    .ARM.Collect$$_printf_percent$$00000013  c_w.l(_printf_c.o)
    0x08000166   0x00000006   Code   RO          574    .ARM.Collect$$_printf_percent$$00000014  c_w.l(_printf_s.o)
    0x0800016c   0x00000004   Code   RO          597    .ARM.Collect$$_printf_percent$$00000017  c_w.l(_printf_percent_end.o)
    0x08000170   0x00000006   Code   RO          626    .ARM.Collect$$libinit$$00000000  c_w.l(libinit.o)
    0x08000176   0x00000000   Code   RO          634    .ARM.Collect$$libinit$$00000006  c_w.l(libinit2.o)
    0x08000176   0x00000000   Code   RO          636    .ARM.Collect$$libinit$$00000008  c_w.l(libinit2.o)
    0x08000176   0x00000000   Code   RO          638    .ARM.Collect$$libinit$$0000000A  c_w.l(libinit2.o)
    0x08000176   0x00000000   Code   RO          641    .ARM.Collect$$libinit$$0000000D  c_w.l(libinit2.o)
    0x08000176   0x00000000   Code   RO          643    .ARM.Collect$$libinit$$0000000F  c_w.l(libinit2.o)
    0x08000176   0x00000000   Code   RO          645    .ARM.Collect$$libinit$$00000011  c_w.l(libinit2.o)
    0x08000176   0x00000000   Code   RO          647    .ARM.Collect$$libinit$$00000013  c_w.l(libinit2.o)
    0x08000176   0x00000000   Code   RO          649    .ARM.Collect$$libinit$$00000015  c_w.l(libinit2.o)
    0x08000176   0x00000000   Code   RO          651    .ARM.Collect$$libinit$$00000017  c_w.l(libinit2.o)
    0x08000176   0x00000000   Code   RO          653    .ARM.Collect$$libinit$$00000019  c_w.l(libinit2.o)
    0x08000176   0x00000000   Code   RO          655    .ARM.Collect$$libinit$$0000001B  c_w.l(libinit2.o)
    0x08000176   0x00000000   Code   RO          657    .ARM.Collect$$libinit$$0000001D  c_w.l(libinit2.o)
    0x08000176   0x00000000   Code   RO          659    .ARM.Collect$$libinit$$0000001F  c_w.l(libinit2.o)
    0x08000176   0x00000000   Code   RO          661    .ARM.Collect$$libinit$$00000021  c_w.l(libinit2.o)
    0x08000176   0x00000000   Code   RO          665    .ARM.Collect$$libinit$$00000028  c_w.l(libinit2.o)
    0x08000176   0x00000000   Code   RO          667    .ARM.Collect$$libinit$$0000002A  c_w.l(libinit2.o)
    0x08000176   0x00000000   Code   RO          669    .ARM.Collect$$libinit$$0000002C  c_w.l(libinit2.o)
    0x08000176   0x00000000   Code   RO          671    .ARM.Collect$$libinit$$0000002E  c_w.l(libinit2.o)
    0x08000176   0x00000002   Code   RO          672    .ARM.Collect$$libinit$$0000002F  c_w.l(libinit2.o)
    0x08000178   0x00000002   Code   RO          697    .ARM.Collect$$libshutdown$$00000000  c_w.l(libshutdown.o)
    0x0800017a   0x00000000   Code   RO          711    .ARM.Collect$$libshutdown$$00000003  c_w.l(libshutdown2.o)
    0x0800017a   0x00000000   Code   RO          714    .ARM.Collect$$libshutdown$$00000006  c_w.l(libshutdown2.o)
    0x0800017a   0x00000000   Code   RO          717    .ARM.Collect$$libshutdown$$00000009  c_w.l(libshutdown2.o)
    0x0800017a   0x00000000   Code   RO          719    .ARM.Collect$$libshutdown$$0000000B  c_w.l(libshutdown2.o)
    0x0800017a   0x00000000   Code   RO          722    .ARM.Collect$$libshutdown$$0000000E  c_w.l(libshutdown2.o)
    0x0800017a   0x00000002   Code   RO          723    .ARM.Collect$$libshutdown$$0000000F  c_w.l(libshutdown2.o)
    0x0800017c   0x00000000   Code   RO          590    .ARM.Collect$$rtentry$$00000000  c_w.l(rtentry.o)
    0x0800017c   0x00000000   Code   RO          601    .ARM.Collect$$rtentry$$00000002  c_w.l(rtentry2.o)
    0x0800017c   0x00000006   Code   RO          613    .ARM.Collect$$rtentry$$00000004  c_w.l(rtentry4.o)
    0x08000182   0x00000000   Code   RO          603    .ARM.Collect$$rtentry$$00000009  c_w.l(rtentry2.o)
    0x08000182   0x00000004   Code   RO          604    .ARM.Collect$$rtentry$$0000000A  c_w.l(rtentry2.o)
    0x08000186   0x00000000   Code   RO          606    .ARM.Collect$$rtentry$$0000000C  c_w.l(rtentry2.o)
    0x08000186   0x00000008   Code   RO          607    .ARM.Collect$$rtentry$$0000000D  c_w.l(rtentry2.o)
    0x0800018e   0x00000002   Code   RO          630    .ARM.Collect$$rtexit$$00000000  c_w.l(rtexit.o)
    0x08000190   0x00000000   Code   RO          676    .ARM.Collect$$rtexit$$00000002  c_w.l(rtexit2.o)
    0x08000190   0x00000004   Code   RO          677    .ARM.Collect$$rtexit$$00000003  c_w.l(rtexit2.o)
    0x08000194   0x00000006   Code   RO          678    .ARM.Collect$$rtexit$$00000004  c_w.l(rtexit2.o)
    0x0800019a   0x00000002   PAD
    0x0800019c   0x00000040   Code   RO            4  * .text               startup_stm32f10x_md.o
    0x080001dc   0x000001c8   Code   RO           24    .text               system_stm32f10x.o
    0x080003a4   0x000000dc   Code   RO           76    .text               misc.o
    0x08000480   0x0000043c   Code   RO           92    .text               stm32f10x_adc.o
    0x080008bc   0x00000250   Code   RO          194    .text               stm32f10x_dma.o
    0x08000b0c   0x00000358   Code   RO          248    .text               stm32f10x_gpio.o
    0x08000e64   0x000003a0   Code   RO          305    .text               stm32f10x_rcc.o
    0x08001204   0x00000dae   Code   RO          364    .text               stm32f10x_tim.o
    0x08001fb2   0x00000002   PAD
    0x08001fb4   0x0000040c   Code   RO          376    .text               stm32f10x_usart.o
    0x080023c0   0x00000140   Code   RO          403    .text               main.o
    0x08002500   0x00000210   Code   RO          444    .text               stm32f10x_it.o
    0x08002710   0x00000054   Code   RO          459    .text               led.o
    0x08002764   0x00000290   Code   RO          471    .text               usart.o
    0x080029f4   0x000003ac   Code   RO          494    .text               esp_connect.o
    0x08002da0   0x00000020   Code   RO          510    .text               var.o
    0x08002dc0   0x000001a4   Code   RO          524    .text               adc.o
    0x08002f64   0x00000028   Code   RO          547    .text               c_w.l(noretval__2sprintf.o)
    0x08002f8c   0x0000006a   Code   RO          549    .text               c_w.l(__printf.o)
    0x08002ff6   0x00000052   Code   RO          551    .text               c_w.l(_printf_str.o)
    0x08003048   0x0000003e   Code   RO          576    .text               c_w.l(strlen.o)
    0x08003086   0x0000008a   Code   RO          578    .text               c_w.l(rt_memcpy_v6.o)
    0x08003110   0x00000044   Code   RO          580    .text               c_w.l(rt_memclr.o)
    0x08003154   0x0000004e   Code   RO          582    .text               c_w.l(rt_memclr_w.o)
    0x080031a2   0x00000002   PAD
    0x080031a4   0x00000080   Code   RO          584    .text               c_w.l(strcmpv7m.o)
    0x08003224   0x00000006   Code   RO          586    .text               c_w.l(heapauxi.o)
    0x0800322a   0x00000002   PAD
    0x0800322c   0x00000030   Code   RO          591    .text               c_w.l(_printf_char_common.o)
    0x0800325c   0x0000000a   Code   RO          593    .text               c_w.l(_sputc.o)
    0x08003266   0x0000002c   Code   RO          595    .text               c_w.l(_printf_char.o)
    0x08003292   0x00000064   Code   RO          598    .text               c_w.l(rt_memcpy_w.o)
    0x080032f6   0x0000004a   Code   RO          617    .text               c_w.l(sys_stackheap_outer.o)
    0x08003340   0x0000000c   Code   RO          619    .text               c_w.l(exit.o)
    0x0800334c   0x00000008   Code   RO          627    .text               c_w.l(libspace.o)
    0x08003354   0x00000008   Code   RO          685    .text               c_w.l(rt_fp_status_addr_intlibspace.o)
    0x0800335c   0x0000000c   Code   RO          689    .text               c_w.l(sys_exit.o)
    0x08003368   0x00000002   Code   RO          700    .text               c_w.l(use_no_semi.o)
    0x0800336a   0x00000000   Code   RO          702    .text               c_w.l(indicate_semi.o)
    0x0800336a   0x0000000e   Code   RO          673    x$fpl$fpinit        fz_ws.l(fpinit.o)
    0x08003378   0x00000133   Data   RO          495    .constdata          esp_connect.o
    0x080034ab   0x00000001   PAD
    0x080034ac   0x00000020   Data   RO          754    Region$$Table       anon$$obj.o


    Execution Region ER_RW (Base: 0x20000000, Size: 0x00000060, Max: 0xffffffff, ABSOLUTE)

    Base Addr    Size         Type   Attr      Idx    E Section Name        Object

    0x20000000   0x00000014   Data   RW           25    .data               system_stm32f10x.o
    0x20000014   0x00000014   Data   RW          306    .data               stm32f10x_rcc.o
    0x20000028   0x00000004   Data   RW          496    .data               esp_connect.o
    0x2000002c   0x00000030   Data   RW          512    .data               var.o
    0x2000005c   0x00000002   Data   RW          525    .data               adc.o


    Execution Region ER_ZI (Base: 0x20000060, Size: 0x00002670, Max: 0xffffffff, ABSOLUTE)

    Base Addr    Size         Type   Attr      Idx    E Section Name        Object

    0x20000060   0x00002010   Zero   RW          511    .bss                var.o
    0x20002070   0x00000060   Zero   RW          628    .bss                c_w.l(libspace.o)
    0x200020d0   0x00000200   Zero   RW            2    HEAP                startup_stm32f10x_md.o
    0x200022d0   0x00000400   Zero   RW            1    STACK               startup_stm32f10x_md.o


==============================================================================

Image component sizes


      Code (inc. data)   RO Data    RW Data    ZI Data      Debug   Object Name

       420         16          0          2          0       1334   adc.o
         0          0          0          0          0       4156   core_cm3.o
       940        222        307          4          0       2039   esp_connect.o
        84          6          0          0          0        430   led.o
       320         30          0          0          0       1697   main.o
       220         20          0          0          0       1629   misc.o
        64         26        236          0       1536        776   startup_stm32f10x_md.o
      1084         26          0          0          0      10849   stm32f10x_adc.o
       592          8          0          0          0       4194   stm32f10x_dma.o
       856         40          0          0          0       5565   stm32f10x_gpio.o
       528        136          0          0          0       1693   stm32f10x_it.o
       928         44          0         20          0       8676   stm32f10x_rcc.o
      3502         86          0          0          0      22732   stm32f10x_tim.o
      1036         20          0          0          0       8308   stm32f10x_usart.o
       456         36          0         20          0     266783   system_stm32f10x.o
       656         26          0          0          0      17578   usart.o
        32          0          0         48       8208       1382   var.o

    ----------------------------------------------------------------------
     11720        742        576         96       9744     359821   Object Totals
         0          0         32          0          0          0   (incl. Generated)
         2          0          1          2          0          0   (incl. Padding)

    ----------------------------------------------------------------------

      Code (inc. data)   RO Data    RW Data    ZI Data      Debug   Library Member Name

         8          0          0          0          0         68   __main.o
       106          0          0          0          0         84   __printf.o
        52          8          0          0          0          0   __scatter.o
        26          0          0          0          0          0   __scatter_copy.o
        28          0          0          0          0          0   __scatter_zi.o
         6          0          0          0          0          0   _printf_c.o
        44          0          0          0          0        108   _printf_char.o
        48          6          0          0          0         96   _printf_char_common.o
         0          0          0          0          0          0   _printf_percent.o
         4          0          0          0          0          0   _printf_percent_end.o
         6          0          0          0          0          0   _printf_s.o
        82          0          0          0          0         80   _printf_str.o
        10          0          0          0          0         68   _sputc.o
        12          0          0          0          0         72   exit.o
         6          0          0          0          0        152   heapauxi.o
         0          0          0          0          0          0   indicate_semi.o
         6          0          0          0          0          0   libinit.o
         2          0          0          0          0          0   libinit2.o
         2          0          0          0          0          0   libshutdown.o
         2          0          0          0          0          0   libshutdown2.o
         8          4          0          0         96         68   libspace.o
        40          6          0          0          0         84   noretval__2sprintf.o
         8          4          0          0          0         68   rt_fp_status_addr_intlibspace.o
        68          0          0          0          0         68   rt_memclr.o
        78          0          0          0          0         80   rt_memclr_w.o
       138          0          0          0          0         68   rt_memcpy_v6.o
       100          0          0          0          0         80   rt_memcpy_w.o
         0          0          0          0          0          0   rtentry.o
        12          0          0          0          0          0   rtentry2.o
         6          0          0          0          0          0   rtentry4.o
         2          0          0          0          0          0   rtexit.o
        10          0          0          0          0          0   rtexit2.o
       128          0          0          0          0         68   strcmpv7m.o
        62          0          0          0          0         76   strlen.o
        12          4          0          0          0         68   sys_exit.o
        74          0          0          0          0         80   sys_stackheap_outer.o
         2          0          0          0          0         68   use_no_semi.o
        14          0          0          0          0         76   fpinit.o

    ----------------------------------------------------------------------
      1220         32          0          0         96       1680   Library Totals
         8          0          0          0          0          0   (incl. Padding)

    ----------------------------------------------------------------------

      Code (inc. data)   RO Data    RW Data    ZI Data      Debug   Library Name

      1198         32          0          0         96       1604   c_w.l
        14          0          0          0          0         76   fz_ws.l

    ----------------------------------------------------------------------
      1220         32          0          0         96       1680   Library Totals

    ----------------------------------------------------------------------

==============================================================================


      Code (inc. data)   RO Data    RW Data    ZI Data      Debug   

     12940        774        576         96       9840     359005   Grand Totals
     12940        774        576         96       9840     359005   ELF Image Totals
     12940        774        576         96          0          0   ROM Totals

==============================================================================

    Total RO  Size (Code + RO Data)                13516 (  13.20kB)
    Total RW  Size (RW Data + ZI Data)              9936 (   9.70kB)
    Total ROM Size (Code + RO Data + RW Data)      13612 (  13.29kB)

==============================================================================

